"../../../Engine/Plugins/2D/Paper2D/Content/PlaceholderTextures/DummySpriteTexture.ubulk" 0
"../../../Engine/Plugins/2D/Paper2D/Content/PlaceholderTextures/DummySpriteTexture.uasset" 1
"../../../Engine/Plugins/2D/Paper2D/Content/PlaceholderTextures/DummySpriteTexture.uexp" 2
"../../../Engine/Plugins/2D/Paper2D/Content/DummySprite.uasset" 3
"../../../Engine/Plugins/2D/Paper2D/Content/DummySprite.uexp" 4
"../../../Engine/Plugins/2D/Paper2D/Content/DefaultPaperTerrainMaterial.uasset" 5
"../../../Engine/Plugins/2D/Paper2D/Content/DefaultPaperTerrainMaterial.uexp" 6
"../../../Engine/Plugins/Animation/ACLPlugin/Content/ACLAnimBoneCompressionSettings.uasset" 7
"../../../Engine/Plugins/Animation/ACLPlugin/Content/ACLAnimBoneCompressionSettings.uexp" 8
"../../../Engine/Plugins/Animation/ACLPlugin/Content/ACLAnimCurveCompressionSettings.uasset" 9
"../../../Engine/Plugins/Animation/ACLPlugin/Content/ACLAnimCurveCompressionSettings.uexp" 10
"../../../Engine/Content/Animation/DefaultRecorderBoneCompression.uasset" 11
"../../../Engine/Content/Animation/DefaultRecorderBoneCompression.uexp" 12
"../../../Engine/Content/Animation/DefaultVariableFrameStrippingSettings.uasset" 13
"../../../Engine/Content/Animation/DefaultVariableFrameStrippingSettings.uexp" 14
"../../../Engine/Content/EngineFonts/Faces/DroidSansFallback.uexp" 15
"../../../Engine/Content/EngineFonts/Faces/DroidSansFallback.uasset" 16
"../../../Engine/Content/EngineFonts/Faces/DroidSansFallback.ufont" 17
"../../../Engine/Content/EngineFonts/Faces/RobotoBold.uexp" 18
"../../../Engine/Content/EngineFonts/Faces/RobotoBold.uasset" 19
"../../../Engine/Content/EngineFonts/Faces/RobotoBold.ufont" 20
"../../../Engine/Content/EngineFonts/Faces/RobotoBoldItalic.uexp" 21
"../../../Engine/Content/EngineFonts/Faces/RobotoBoldItalic.uasset" 22
"../../../Engine/Content/EngineFonts/Faces/RobotoBoldItalic.ufont" 23
"../../../Engine/Content/EngineFonts/Faces/RobotoItalic.uexp" 24
"../../../Engine/Content/EngineFonts/Faces/RobotoItalic.uasset" 25
"../../../Engine/Content/EngineFonts/Faces/RobotoItalic.ufont" 26
"../../../Engine/Content/EngineFonts/Faces/RobotoLight.uexp" 27
"../../../Engine/Content/EngineFonts/Faces/RobotoLight.uasset" 28
"../../../Engine/Content/EngineFonts/Faces/RobotoLight.ufont" 29
"../../../Engine/Content/EngineFonts/Faces/RobotoRegular.uexp" 30
"../../../Engine/Content/EngineFonts/Faces/RobotoRegular.uasset" 31
"../../../Engine/Content/EngineFonts/Faces/RobotoRegular.ufont" 32
"../../../Engine/Content/EngineFonts/Roboto.uasset" 33
"../../../Engine/Content/EngineFonts/Roboto.uexp" 34
"../../../Engine/Content/EngineMaterials/DefaultDestructiblePhysicalMaterial.uasset" 35
"../../../Engine/Content/EngineMaterials/DefaultDestructiblePhysicalMaterial.uexp" 36
"../../../Engine/Content/EngineMaterials/DefaultPhysicalMaterial.uasset" 37
"../../../Engine/Content/EngineMaterials/DefaultPhysicalMaterial.uexp" 38
"../../../Engine/Content/EngineSounds/Master.uasset" 39
"../../../Engine/Content/EngineSounds/Master.uexp" 40
"../../../Engine/Plugins/Animation/ControlRig/Content/Controls/DefaultGizmoLibraryNormalized.uasset" 41
"../../../Engine/Plugins/Animation/ControlRig/Content/Controls/DefaultGizmoLibraryNormalized.uexp" 42
"../../../Engine/Plugins/2D/Paper2D/Content/DefaultSpriteMaterial.uasset" 43
"../../../Engine/Plugins/2D/Paper2D/Content/DefaultSpriteMaterial.uexp" 44
"../../../Engine/Plugins/2D/Paper2D/Content/MaskedUnlitSpriteMaterial.uasset" 45
"../../../Engine/Plugins/2D/Paper2D/Content/MaskedUnlitSpriteMaterial.uexp" 46
"../../../Engine/Plugins/2D/Paper2D/Content/OpaqueUnlitSpriteMaterial.uasset" 47
"../../../Engine/Plugins/2D/Paper2D/Content/OpaqueUnlitSpriteMaterial.uexp" 48
"../../../Engine/Content/Functions/Engine_MaterialFunctions02/WorldPositionOffset/CameraOffset.uasset" 49
"../../../Engine/Content/Functions/Engine_MaterialFunctions02/WorldPositionOffset/CameraOffset.uexp" 50
"../../../Engine/Plugins/Animation/ControlRig/Content/M_Manip.uasset" 51
"../../../Engine/Plugins/Animation/ControlRig/Content/M_Manip.uexp" 52
"../../../Engine/Content/EditorMaterials/PhAT_NoCollisionMaterial.uasset" 53
"../../../Engine/Content/EditorMaterials/PhAT_NoCollisionMaterial.uexp" 54
"../../../Engine/Content/EditorMaterials/PhAT_UnselectedMaterial.uasset" 55
"../../../Engine/Content/EditorMaterials/PhAT_UnselectedMaterial.uexp" 56
"../../../Engine/Content/EngineMaterials/RemoveSurfaceMaterial.uasset" 57
"../../../Engine/Content/EngineMaterials/RemoveSurfaceMaterial.uexp" 58
"../../../Engine/Content/EngineMaterials/T_Default_Material_Grid_M.ubulk" 59
"../../../Engine/Content/EngineMaterials/T_Default_Material_Grid_M.uasset" 60
"../../../Engine/Content/EngineMaterials/T_Default_Material_Grid_M.uexp" 61
"../../../Engine/Content/EngineMaterials/T_Default_Material_Grid_N.ubulk" 62
"../../../Engine/Content/EngineMaterials/T_Default_Material_Grid_N.uasset" 63
"../../../Engine/Content/EngineMaterials/T_Default_Material_Grid_N.uexp" 64
"../../../Engine/Content/Functions/Engine_MaterialFunctions01/Opacity/CameraDepthFade.uasset" 65
"../../../Engine/Content/Functions/Engine_MaterialFunctions01/Opacity/CameraDepthFade.uexp" 66
"../../../Engine/Content/EngineMaterials/WorldGridMaterial.uasset" 67
"../../../Engine/Content/EngineMaterials/WorldGridMaterial.uexp" 68
"../../../Engine/Plugins/Media/MediaPlate/Content/SM_MediaPlateScreen.uasset" 69
"../../../Engine/Plugins/Media/MediaPlate/Content/SM_MediaPlateScreen.uexp" 70
"../../../Engine/Content/EditorMaterials/PreviewShadowIndicator.ubulk" 71
"../../../Engine/Content/EditorMaterials/PreviewShadowIndicator.uasset" 72
"../../../Engine/Content/EditorMaterials/PreviewShadowIndicator.uexp" 73
"../../../Engine/Content/EditorMaterials/PreviewShadowIndicatorMaterial.uasset" 74
"../../../Engine/Content/EditorMaterials/PreviewShadowIndicatorMaterial.uexp" 75
"../../../Engine/Plugins/NNE/NNEDenoiser/Content/NNEDIM_ColorAlbedoNormal_Alpha.uasset" 76
"../../../Engine/Plugins/NNE/NNEDenoiser/Content/NNEDIM_ColorAlbedoNormal_Alpha.uexp" 77
"../../../Engine/Plugins/NNE/NNEDenoiser/Content/NNEDIM_ColorAlbedoNormal_Default.uasset" 78
"../../../Engine/Plugins/NNE/NNEDenoiser/Content/NNEDIM_ColorAlbedoNormal_Default.uexp" 79
"../../../Engine/Plugins/NNE/NNEDenoiser/Content/NNEDIM_HighQuality_Alpha.uasset" 80
"../../../Engine/Plugins/NNE/NNEDenoiser/Content/NNEDIM_HighQuality_Alpha.uexp" 81
"../../../Engine/Plugins/NNE/NNEDenoiser/Content/NNEDIM_HighQuality_Default.uasset" 82
"../../../Engine/Plugins/NNE/NNEDenoiser/Content/NNEDIM_HighQuality_Default.uexp" 83
"../../../Engine/Plugins/NNE/NNEDenoiser/Content/NNEDOM_Output_Alpha.uasset" 84
"../../../Engine/Plugins/NNE/NNEDenoiser/Content/NNEDOM_Output_Alpha.uexp" 85
"../../../Engine/Plugins/NNE/NNEDenoiser/Content/NNEDOM_Output_Default.uasset" 86
"../../../Engine/Plugins/NNE/NNEDenoiser/Content/NNEDOM_Output_Default.uexp" 87
"../../../Engine/Plugins/NNE/NNEDenoiser/Content/NNEDTIM_ColorAlbedoNormal_Alpha.uasset" 88
"../../../Engine/Plugins/NNE/NNEDenoiser/Content/NNEDTIM_ColorAlbedoNormal_Alpha.uexp" 89
"../../../Engine/Plugins/NNE/NNEDenoiser/Content/NNEDTIM_ColorAlbedoNormal_Default.uasset" 90
"../../../Engine/Plugins/NNE/NNEDenoiser/Content/NNEDTIM_ColorAlbedoNormal_Default.uexp" 91
"../../../Engine/Plugins/NNE/NNEDenoiser/Content/NNEDTOM_Output_Alpha.uasset" 92
"../../../Engine/Plugins/NNE/NNEDenoiser/Content/NNEDTOM_Output_Alpha.uexp" 93
"../../../Engine/Plugins/NNE/NNEDenoiser/Content/NNEDTOM_Output_Default.uasset" 94
"../../../Engine/Plugins/NNE/NNEDenoiser/Content/NNEDTOM_Output_Default.uexp" 95
"../../../Engine/Plugins/NNE/NNEDenoiser/Content/NNEDT_Oidn2-3_Balanced.uasset" 96
"../../../Engine/Plugins/NNE/NNEDenoiser/Content/NNEDT_Oidn2-3_Balanced.uexp" 97
"../../../Engine/Plugins/NNE/NNEDenoiser/Content/NNEDT_Oidn2-3_Balanced_Alpha.uasset" 98
"../../../Engine/Plugins/NNE/NNEDenoiser/Content/NNEDT_Oidn2-3_Balanced_Alpha.uexp" 99
"../../../Engine/Plugins/NNE/NNEDenoiser/Content/NNED_Oidn2-3_Balanced.uasset" 100
"../../../Engine/Plugins/NNE/NNEDenoiser/Content/NNED_Oidn2-3_Balanced.uexp" 101
"../../../Engine/Plugins/NNE/NNEDenoiser/Content/NNED_Oidn2-3_Balanced_Alpha.uasset" 102
"../../../Engine/Plugins/NNE/NNEDenoiser/Content/NNED_Oidn2-3_Balanced_Alpha.uexp" 103
"../../../Engine/Content/EngineMaterials/SMAAAreaTex.uasset" 104
"../../../Engine/Content/EngineMaterials/SMAAAreaTex.uexp" 105
"../../../Engine/Plugins/NNE/NNEDenoiser/Content/NNED_Oidn2-3_Fast.uasset" 106
"../../../Engine/Plugins/NNE/NNEDenoiser/Content/NNED_Oidn2-3_Fast.uexp" 107
"../../../Engine/Plugins/NNE/NNEDenoiser/Content/NNED_Oidn2-3_Fast_Alpha.uasset" 108
"../../../Engine/Plugins/NNE/NNEDenoiser/Content/NNED_Oidn2-3_Fast_Alpha.uexp" 109
"../../../Engine/Plugins/NNE/NNEDenoiser/Content/NNED_Oidn2-3_HighQuality.uasset" 110
"../../../Engine/Plugins/NNE/NNEDenoiser/Content/NNED_Oidn2-3_HighQuality.uexp" 111
"../../../Engine/Plugins/NNE/NNEDenoiser/Content/NNED_Oidn2-3_HighQuality_Alpha.uasset" 112
"../../../Engine/Plugins/NNE/NNEDenoiser/Content/NNED_Oidn2-3_HighQuality_Alpha.uexp" 113
"../../../Engine/Plugins/NNE/NNEDenoiser/Content/NNE_oidn2-3-0_rt_hdr_alb_nrm_small__dyn__fp16_opset11_DenoiseAlpha.uasset" 114
"../../../Engine/Plugins/NNE/NNEDenoiser/Content/NNE_oidn2-3-0_rt_hdr_alb_nrm_small__dyn__fp16_opset11_DenoiseAlpha.uexp" 115
"../../../Engine/Plugins/NNE/NNEDenoiser/Content/NNE_oidn2-3-0_rt_hdr_alb_nrm_small__dyn__fp16_opset11_ForwardAlpha.uasset" 116
"../../../Engine/Plugins/NNE/NNEDenoiser/Content/NNE_oidn2-3-0_rt_hdr_alb_nrm_small__dyn__fp16_opset11_ForwardAlpha.uexp" 117
"../../../Engine/Plugins/NNE/NNEDenoiser/Content/NNE_oidn2-3-0_rt_hdr_alb_nrm__dyn__fp16_opset11_DenoiseAlpha.uasset" 118
"../../../Engine/Plugins/NNE/NNEDenoiser/Content/NNE_oidn2-3-0_rt_hdr_alb_nrm__dyn__fp16_opset11_DenoiseAlpha.uexp" 119
"../../../Engine/Plugins/Animation/ControlRig/Content/Controls/ControlRig_Arrow4_3mm.uasset" 120
"../../../Engine/Plugins/Animation/ControlRig/Content/Controls/ControlRig_Arrow4_3mm.uexp" 121
"../../../Engine/Plugins/NNE/NNEDenoiser/Content/NNE_oidn2-3-0_rt_hdr_alb_nrm__dyn__fp16_opset11_ForwardAlpha.uasset" 122
"../../../Engine/Plugins/NNE/NNEDenoiser/Content/NNE_oidn2-3-0_rt_hdr_alb_nrm__dyn__fp16_opset11_ForwardAlpha.uexp" 123
"../../../Engine/Plugins/NNE/NNEDenoiser/Content/NNE_oidn2-3-0_rt_hdr_calb_cnrm_large__dyn__fp16_opset11_DenoiseAlpha.uasset" 124
"../../../Engine/Plugins/NNE/NNEDenoiser/Content/NNE_oidn2-3-0_rt_hdr_calb_cnrm_large__dyn__fp16_opset11_DenoiseAlpha.uexp" 125
"../../../Engine/Plugins/NNE/NNEDenoiser/Content/NNE_oidn2-3-0_rt_hdr_calb_cnrm_large__dyn__fp16_opset11_ForwardAlpha.uasset" 126
"../../../Engine/Plugins/NNE/NNEDenoiser/Content/NNE_oidn2-3-0_rt_hdr_calb_cnrm_large__dyn__fp16_opset11_ForwardAlpha.uexp" 127
"../../../Engine/Content/EditorResources/S_Solver.ubulk" 128
"../../../Engine/Content/EditorResources/S_Solver.uasset" 129
"../../../Engine/Content/EditorResources/S_Solver.uexp" 130
"../../../Engine/Content/EngineMaterials/SMAASearchTex.uasset" 131
"../../../Engine/Content/EngineMaterials/SMAASearchTex.uexp" 132
"../../../Engine/Content/EditorResources/S_Terrain.ubulk" 133
"../../../Engine/Content/EditorResources/S_Terrain.uasset" 134
"../../../Engine/Content/EditorResources/S_Terrain.uexp" 135
"../../../Engine/Content/EditorLandscapeResources/DefaultAlphaTexture.uasset" 136
"../../../Engine/Content/EditorLandscapeResources/DefaultAlphaTexture.uexp" 137
"../../../Engine/Content/EditorLandscapeResources/ColorMaskBrushMaterial.uasset" 138
"../../../Engine/Content/EditorLandscapeResources/ColorMaskBrushMaterial.uexp" 139
"../../../Engine/Content/EditorLandscapeResources/ColorMaskBrushMaterial_MaskedRegion.uasset" 140
"../../../Engine/Content/EditorLandscapeResources/ColorMaskBrushMaterial_MaskedRegion.uexp" 141
"../../../Engine/Content/BasicShapes/BasicShapeMaterial.uasset" 142
"../../../Engine/Content/BasicShapes/BasicShapeMaterial.uexp" 143
"../../../Engine/Content/EditorResources/S_Trigger.ubulk" 144
"../../../Engine/Content/EditorResources/S_Trigger.uasset" 145
"../../../Engine/Content/EditorResources/S_Trigger.uexp" 146
"../../../Engine/Content/EngineMaterials/DefaultMaterial.uasset" 147
"../../../Engine/Content/EngineMaterials/DefaultMaterial.uexp" 148
"../../../Engine/Content/BasicShapes/Cone.uasset" 149
"../../../Engine/Content/BasicShapes/Cone.uexp" 150
"../../../Engine/Content/EditorLandscapeResources/LandscapeDirtyMaterial.uasset" 151
"../../../Engine/Content/EditorLandscapeResources/LandscapeDirtyMaterial.uexp" 152
"../../../Engine/Content/BasicShapes/Cube.uasset" 153
"../../../Engine/Content/BasicShapes/Cube.uexp" 154
"../../../Engine/Content/EngineMaterials/DefaultBloomKernel.uasset" 155
"../../../Engine/Content/EngineMaterials/DefaultBloomKernel.uexp" 156
"../../../Engine/Content/BasicShapes/Cylinder.uasset" 157
"../../../Engine/Content/BasicShapes/Cylinder.uexp" 158
"../../../Engine/Content/EngineMaterials/DefaultDiffuse.ubulk" 159
"../../../Engine/Content/EngineMaterials/DefaultDiffuse.uasset" 160
"../../../Engine/Content/EngineMaterials/DefaultDiffuse.uexp" 161
"../../../Engine/Content/Functions/Engine_MaterialFunctions01/Texturing/TextureCropping.uasset" 162
"../../../Engine/Content/Functions/Engine_MaterialFunctions01/Texturing/TextureCropping.uexp" 163
"../../../Engine/Content/Functions/Engine_MaterialFunctions02/ExampleContent/DebugNumberStrip.uasset" 164
"../../../Engine/Content/Functions/Engine_MaterialFunctions02/ExampleContent/DebugNumberStrip.uexp" 165
"../../../Engine/Content/Functions/Engine_MaterialFunctions01/Debug/DebugIntValues.uasset" 166
"../../../Engine/Content/Functions/Engine_MaterialFunctions01/Debug/DebugIntValues.uexp" 167
"../../../Engine/Content/Functions/Engine_MaterialFunctions02/Utility/BreakOutFloat2Components.uasset" 168
"../../../Engine/Content/Functions/Engine_MaterialFunctions02/Utility/BreakOutFloat2Components.uexp" 169
"../../../Engine/Content/Functions/Engine_MaterialFunctions01/Texturing/ScaleUVsByCenter.uasset" 170
"../../../Engine/Content/Functions/Engine_MaterialFunctions01/Texturing/ScaleUVsByCenter.uexp" 171
"../../../Engine/Content/Functions/Engine_MaterialFunctions02/WorldPositionOffset/LocalPosition.uasset" 172
"../../../Engine/Content/Functions/Engine_MaterialFunctions02/WorldPositionOffset/LocalPosition.uexp" 173
"../../../Engine/Content/EditorLandscapeResources/LandscapeLayerUsageMaterial.uasset" 174
"../../../Engine/Content/EditorLandscapeResources/LandscapeLayerUsageMaterial.uexp" 175
"../../../Engine/Content/Functions/Engine_MaterialFunctions02/Utility/VectorLength.uasset" 176
"../../../Engine/Content/Functions/Engine_MaterialFunctions02/Utility/VectorLength.uexp" 177
"../../../Engine/Content/Functions/Engine_MaterialFunctions02/WorldPositionOffset/ObjectScale.uasset" 178
"../../../Engine/Content/Functions/Engine_MaterialFunctions02/WorldPositionOffset/ObjectScale.uexp" 179
"../../../Engine/Content/Functions/Engine_MaterialFunctions02/Utility/BreakOutFloat3Components.uasset" 180
"../../../Engine/Content/Functions/Engine_MaterialFunctions02/Utility/BreakOutFloat3Components.uexp" 181
"../../../Engine/Plugins/Editor/SpeedTreeImporter/Content/SpeedTree9/Empty.uasset" 182
"../../../Engine/Plugins/Editor/SpeedTreeImporter/Content/SpeedTree9/Empty.uexp" 183
"../../../Engine/Plugins/Editor/SpeedTreeImporter/Content/SpeedTree9/EmptyNormal.uasset" 184
"../../../Engine/Plugins/Editor/SpeedTreeImporter/Content/SpeedTree9/EmptyNormal.uexp" 185
"../../../Engine/Plugins/Editor/SpeedTreeImporter/Content/SpeedTree9/game_wind_noise.ubulk" 186
"../../../Engine/Plugins/Editor/SpeedTreeImporter/Content/SpeedTree9/game_wind_noise.uasset" 187
"../../../Engine/Plugins/Editor/SpeedTreeImporter/Content/SpeedTree9/game_wind_noise.uexp" 188
"../../../Engine/Plugins/Editor/SpeedTreeImporter/Content/SpeedTree9/SpeedTreeBillboard.uasset" 189
"../../../Engine/Plugins/Editor/SpeedTreeImporter/Content/SpeedTree9/SpeedTreeBillboard.uexp" 190
"../../../Engine/Content/Functions/Engine_MaterialFunctions02/SafeNormalize.uasset" 191
"../../../Engine/Content/Functions/Engine_MaterialFunctions02/SafeNormalize.uexp" 192
"../../../Engine/Plugins/Editor/SpeedTreeImporter/Content/SpeedTree9/SpeedTreeWindMotion.uasset" 193
"../../../Engine/Plugins/Editor/SpeedTreeImporter/Content/SpeedTree9/SpeedTreeWindMotion.uexp" 194
"../../../Engine/Plugins/Editor/SpeedTreeImporter/Content/SpeedTree9/UnpackDirection.uasset" 195
"../../../Engine/Plugins/Editor/SpeedTreeImporter/Content/SpeedTree9/UnpackDirection.uexp" 196
"../../../Engine/Plugins/Editor/SpeedTreeImporter/Content/SpeedTree9/UnpackInteger3.uasset" 197
"../../../Engine/Plugins/Editor/SpeedTreeImporter/Content/SpeedTree9/UnpackInteger3.uexp" 198
"../../../Engine/Plugins/Editor/SpeedTreeImporter/Content/SpeedTree9/SpeedTreeBranchMotion.uasset" 199
"../../../Engine/Plugins/Editor/SpeedTreeImporter/Content/SpeedTree9/SpeedTreeBranchMotion.uexp" 200
"../../../Engine/Content/Functions/Engine_MaterialFunctions02/ObjectLocalBounds.uasset" 201
"../../../Engine/Content/Functions/Engine_MaterialFunctions02/ObjectLocalBounds.uexp" 202
"../../../Engine/Content/Functions/Engine_MaterialFunctions02/UVs/BoundingBoxBased_0-1_UVW.uasset" 203
"../../../Engine/Content/Functions/Engine_MaterialFunctions02/UVs/BoundingBoxBased_0-1_UVW.uexp" 204
"../../../Engine/Plugins/Editor/SpeedTreeImporter/Content/SpeedTree9/SpeedTreeWind.uasset" 205
"../../../Engine/Plugins/Editor/SpeedTreeImporter/Content/SpeedTree9/SpeedTreeWind.uexp" 206
"../../../Engine/Plugins/Editor/SpeedTreeImporter/Content/SpeedTree9/SpeedTreeBillboardMaster.uasset" 207
"../../../Engine/Plugins/Editor/SpeedTreeImporter/Content/SpeedTree9/SpeedTreeBillboardMaster.uexp" 208
"../../../Engine/Content/BasicShapes/Plane.uasset" 209
"../../../Engine/Content/BasicShapes/Plane.uexp" 210
"../../../Engine/Content/EngineMaterials/DefaultBokeh.uasset" 211
"../../../Engine/Content/EngineMaterials/DefaultBokeh.uexp" 212
"../../../Engine/Plugins/Editor/SpeedTreeImporter/Content/SpeedTree9/SpeedTreeCameraFacing.uasset" 213
"../../../Engine/Plugins/Editor/SpeedTreeImporter/Content/SpeedTree9/SpeedTreeCameraFacing.uexp" 214
"../../../Engine/Plugins/Editor/SpeedTreeImporter/Content/SpeedTree9/SpeedTreeMaster.uasset" 215
"../../../Engine/Plugins/Editor/SpeedTreeImporter/Content/SpeedTree9/SpeedTreeMaster.uexp" 216
"../../../Engine/Content/BasicShapes/Sphere.uasset" 217
"../../../Engine/Content/BasicShapes/Sphere.uexp" 218
"../../../Engine/Content/EditorLandscapeResources/WhiteSquareTexture.uasset" 219
"../../../Engine/Content/EditorLandscapeResources/WhiteSquareTexture.uexp" 220
"../../../Engine/Content/EditorLandscapeResources/LayerVisMaterial.uasset" 221
"../../../Engine/Content/EditorLandscapeResources/LayerVisMaterial.uexp" 222
"../../../Engine/Content/EngineMaterials/WeightMapPlaceholderTexture.uasset" 223
"../../../Engine/Content/EngineMaterials/WeightMapPlaceholderTexture.uexp" 224
"../../../Engine/Content/EngineMaterials/WeightMapArrayPlaceholderTexture.uasset" 225
"../../../Engine/Content/EngineMaterials/WeightMapArrayPlaceholderTexture.uexp" 226
"../../../Engine/Content/EditorResources/S_TriggerBox.uasset" 227
"../../../Engine/Content/EditorResources/S_TriggerBox.uexp" 228
"../../../Engine/Plugins/Animation/ControlRig/Content/Controls/ControlRig_Arrow4_solid.uasset" 229
"../../../Engine/Plugins/Animation/ControlRig/Content/Controls/ControlRig_Arrow4_solid.uexp" 230
"../../../Engine/Content/Functions/Engine_MaterialFunctions02/Utility/MakeFloat3.uasset" 231
"../../../Engine/Content/Functions/Engine_MaterialFunctions02/Utility/MakeFloat3.uexp" 232
"../../../Engine/Content/Functions/Engine_MaterialFunctions03/Math/WithinRangeFloat2.uasset" 233
"../../../Engine/Content/Functions/Engine_MaterialFunctions03/Math/WithinRangeFloat2.uexp" 234
"../../../Engine/Content/EditorLandscapeResources/MaskBrushMaterial.uasset" 235
"../../../Engine/Content/EditorLandscapeResources/MaskBrushMaterial.uexp" 236
"../../../Engine/Content/EditorLandscapeResources/MaskBrushMaterial_MaskedRegion.uasset" 237
"../../../Engine/Content/EditorLandscapeResources/MaskBrushMaterial_MaskedRegion.uexp" 238
"../../../Engine/Content/EngineResources/WhiteSquareTexture.uasset" 239
"../../../Engine/Content/EngineResources/WhiteSquareTexture.uexp" 240
"../../../Engine/Content/EngineMaterials/Widget3DPassThrough.uasset" 241
"../../../Engine/Content/EngineMaterials/Widget3DPassThrough.uexp" 242
"../../../Engine/Content/EngineMaterials/Widget3DPassThrough_Masked.uasset" 243
"../../../Engine/Content/EngineMaterials/Widget3DPassThrough_Masked.uexp" 244
"../../../Engine/Content/EditorResources/S_TriggerCapsule.uasset" 245
"../../../Engine/Content/EditorResources/S_TriggerCapsule.uexp" 246
"../../../Engine/Plugins/Animation/ControlRig/Content/Controls/ControlRig_Arrow_1mm.uasset" 247
"../../../Engine/Plugins/Animation/ControlRig/Content/Controls/ControlRig_Arrow_1mm.uexp" 248
"../../../Engine/Content/EngineMaterials/Widget3DPassThrough_Opaque.uasset" 249
"../../../Engine/Content/EngineMaterials/Widget3DPassThrough_Opaque.uexp" 250
"../../../Engine/Content/EngineMaterials/Widget3DPassThrough_Masked_OneSided.uasset" 251
"../../../Engine/Content/EngineMaterials/Widget3DPassThrough_Masked_OneSided.uexp" 252
"../../../Engine/Content/EditorResources/S_TriggerSphere.uasset" 253
"../../../Engine/Content/EditorResources/S_TriggerSphere.uexp" 254
"../../../Engine/Content/EngineMaterials/Widget3DPassThrough_Opaque_OneSided.uasset" 255
"../../../Engine/Content/EngineMaterials/Widget3DPassThrough_Opaque_OneSided.uexp" 256
"../../../Engine/Plugins/Animation/ControlRig/Content/Controls/ControlRig_Arrow_3mm.uasset" 257
"../../../Engine/Plugins/Animation/ControlRig/Content/Controls/ControlRig_Arrow_3mm.uexp" 258
"../../../Engine/Content/EngineMaterials/DefaultDeferredDecalMaterial.uasset" 259
"../../../Engine/Content/EngineMaterials/DefaultDeferredDecalMaterial.uexp" 260
"../../../Engine/Content/EngineMaterials/Widget3DPassThrough_Translucent.uasset" 261
"../../../Engine/Content/EngineMaterials/Widget3DPassThrough_Translucent.uexp" 262
"../../../Engine/Content/EngineMaterials/Widget3DPassThrough_Translucent_OneSided.uasset" 263
"../../../Engine/Content/EngineMaterials/Widget3DPassThrough_Translucent_OneSided.uexp" 264
"../../../Engine/Content/EditorLandscapeResources/SelectBrushMaterial.uasset" 265
"../../../Engine/Content/EditorLandscapeResources/SelectBrushMaterial.uexp" 266
"../../../Engine/Content/EditorLandscapeResources/SelectBrushMaterial_Selected.uasset" 267
"../../../Engine/Content/EditorLandscapeResources/SelectBrushMaterial_Selected.uexp" 268
"../../../Engine/Plugins/Animation/ControlRig/Content/Controls/ControlRig_Arrow_solid.uasset" 269
"../../../Engine/Plugins/Animation/ControlRig/Content/Controls/ControlRig_Arrow_solid.uexp" 270
"../../../Engine/Content/EditorLandscapeResources/SelectBrushMaterial_SelectedRegion.uasset" 271
"../../../Engine/Content/EditorLandscapeResources/SelectBrushMaterial_SelectedRegion.uexp" 272
"../../../Engine/Plugins/Animation/ControlRig/Content/Controls/ControlRig_Box_1mm.uasset" 273
"../../../Engine/Plugins/Animation/ControlRig/Content/Controls/ControlRig_Box_1mm.uexp" 274
"../../../Engine/Content/EditorLandscapeResources/SplineEditorMeshMat.uasset" 275
"../../../Engine/Content/EditorLandscapeResources/SplineEditorMeshMat.uexp" 276
"../../../Engine/Content/EditorLandscapeResources/SplineEditorMesh.uasset" 277
"../../../Engine/Content/EditorLandscapeResources/SplineEditorMesh.uexp" 278
"../../../Engine/Plugins/Animation/ControlRig/Content/Controls/ControlRig_Box_3mm.uasset" 279
"../../../Engine/Plugins/Animation/ControlRig/Content/Controls/ControlRig_Box_3mm.uexp" 280
"../../../Engine/Content/EngineMaterials/DefaultLightFunctionMaterial.uasset" 281
"../../../Engine/Content/EngineMaterials/DefaultLightFunctionMaterial.uexp" 282
"../../../Engine/Plugins/Animation/ControlRig/Content/Controls/ControlRig_Box_solid.uasset" 283
"../../../Engine/Plugins/Animation/ControlRig/Content/Controls/ControlRig_Box_solid.uexp" 284
"../../../Engine/Plugins/Animation/ControlRig/Content/Controls/ControlRig_Circle_1mm.uasset" 285
"../../../Engine/Plugins/Animation/ControlRig/Content/Controls/ControlRig_Circle_1mm.uexp" 286
"../../../Engine/Content/EditorResources/BSPVertex.uasset" 287
"../../../Engine/Content/EditorResources/BSPVertex.uexp" 288
"../../../Engine/Plugins/Animation/ControlRig/Content/Controls/ControlRig_Circle_3mm.uasset" 289
"../../../Engine/Plugins/Animation/ControlRig/Content/Controls/ControlRig_Circle_3mm.uexp" 290
"../../../Engine/Plugins/Animation/ControlRig/Content/Controls/ControlRig_Circle_solid.uasset" 291
"../../../Engine/Plugins/Animation/ControlRig/Content/Controls/ControlRig_Circle_solid.uexp" 292
"../../../Engine/Plugins/Animation/ControlRig/Content/Controls/ControlRig_Diamond_1mm.uasset" 293
"../../../Engine/Plugins/Animation/ControlRig/Content/Controls/ControlRig_Diamond_1mm.uexp" 294
"../../../Engine/Content/EngineMaterials/DefaultPostProcessMaterial.uasset" 295
"../../../Engine/Content/EngineMaterials/DefaultPostProcessMaterial.uexp" 296
"../../../Engine/Plugins/Animation/ControlRig/Content/Controls/ControlRig_Diamond_3mm.uasset" 297
"../../../Engine/Plugins/Animation/ControlRig/Content/Controls/ControlRig_Diamond_3mm.uexp" 298
"../../../Engine/Content/EngineFonts/RobotoDistanceField.uasset" 299
"../../../Engine/Content/EngineFonts/RobotoDistanceField.uexp" 300
"../../../Engine/Content/EngineMaterials/DefaultTextMaterialOpaque.uasset" 301
"../../../Engine/Content/EngineMaterials/DefaultTextMaterialOpaque.uexp" 302
"../../../Engine/Plugins/Animation/ControlRig/Content/Controls/ControlRig_Diamond_solid.uasset" 303
"../../../Engine/Plugins/Animation/ControlRig/Content/Controls/ControlRig_Diamond_solid.uexp" 304
"../../../Engine/Content/EngineMeshes/Sphere.uasset" 305
"../../../Engine/Content/EngineMeshes/Sphere.uexp" 306
"../../../Engine/Content/EngineMaterials/DefaultWhiteGrid.ubulk" 307
"../../../Engine/Content/EngineMaterials/DefaultWhiteGrid.uasset" 308
"../../../Engine/Content/EngineMaterials/DefaultWhiteGrid.uexp" 309
"../../../Engine/Plugins/Animation/ControlRig/Content/Controls/ControlRig_HalfCircle_1mm.uasset" 310
"../../../Engine/Plugins/Animation/ControlRig/Content/Controls/ControlRig_HalfCircle_1mm.uexp" 311
"../../../Engine/Plugins/Animation/ControlRig/Content/Controls/ControlRig_HalfCircle_3mm.uasset" 312
"../../../Engine/Plugins/Animation/ControlRig/Content/Controls/ControlRig_HalfCircle_3mm.uexp" 313
"../../../Engine/Content/EditorResources/S_Actor.ubulk" 314
"../../../Engine/Content/EditorResources/S_Actor.uasset" 315
"../../../Engine/Content/EditorResources/S_Actor.uexp" 316
"../../../Engine/Plugins/Animation/ControlRig/Content/Controls/ControlRig_HalfCircle_solid.uasset" 317
"../../../Engine/Plugins/Animation/ControlRig/Content/Controls/ControlRig_HalfCircle_solid.uexp" 318
"../../../Engine/Content/EditorResources/S_BoxReflectionCapture.uasset" 319
"../../../Engine/Content/EditorResources/S_BoxReflectionCapture.uexp" 320
"../../../Engine/Plugins/Animation/ControlRig/Content/Controls/ControlRig_Hexagon_1mm.uasset" 321
"../../../Engine/Plugins/Animation/ControlRig/Content/Controls/ControlRig_Hexagon_1mm.uexp" 322
"../../../Engine/Plugins/Animation/ControlRig/Content/Controls/ControlRig_Hexagon_3mm.uasset" 323
"../../../Engine/Plugins/Animation/ControlRig/Content/Controls/ControlRig_Hexagon_3mm.uexp" 324
"../../../Engine/Plugins/Animation/ControlRig/Content/Controls/ControlRig_Hexagon_solid.uasset" 325
"../../../Engine/Plugins/Animation/ControlRig/Content/Controls/ControlRig_Hexagon_solid.uexp" 326
"../../../Engine/Content/EngineMaterials/DefaultWhiteGrid_Low.uasset" 327
"../../../Engine/Content/EngineMaterials/DefaultWhiteGrid_Low.uexp" 328
"../../../Engine/Content/EngineMaterials/EmissiveMeshMaterial.uasset" 329
"../../../Engine/Content/EngineMaterials/EmissiveMeshMaterial.uexp" 330
"../../../Engine/Plugins/Animation/ControlRig/Content/Controls/ControlRig_Octagon_1mm.uasset" 331
"../../../Engine/Plugins/Animation/ControlRig/Content/Controls/ControlRig_Octagon_1mm.uexp" 332
"../../../Engine/Content/Functions/Engine_MaterialFunctions02/Utility/CameraDirectionVector.uasset" 333
"../../../Engine/Content/Functions/Engine_MaterialFunctions02/Utility/CameraDirectionVector.uexp" 334
"../../../Engine/Plugins/Experimental/MeshModelingToolsetExp/Content/Materials/GetDisplacementVectorForDepthBias.uasset" 335
"../../../Engine/Plugins/Experimental/MeshModelingToolsetExp/Content/Materials/GetDisplacementVectorForDepthBias.uexp" 336
"../../../Engine/Content/Functions/Engine_MaterialFunctions03/Viewport/MF_OrthoWidth.uasset" 337
"../../../Engine/Content/Functions/Engine_MaterialFunctions03/Viewport/MF_OrthoWidth.uexp" 338
"../../../Engine/Content/Functions/Engine_MaterialFunctions02/Utility/FOV.uasset" 339
"../../../Engine/Content/Functions/Engine_MaterialFunctions02/Utility/FOV.uexp" 340
"../../../Engine/Content/Functions/Engine_MaterialFunctions02/WorldPositionOffset/V2/ObjectScale.uasset" 341
"../../../Engine/Content/Functions/Engine_MaterialFunctions02/WorldPositionOffset/V2/ObjectScale.uexp" 342
"../../../Engine/Plugins/Experimental/MeshModelingToolsetExp/Content/Materials/PointSetOverlaidComponentMaterial.uasset" 343
"../../../Engine/Plugins/Experimental/MeshModelingToolsetExp/Content/Materials/PointSetOverlaidComponentMaterial.uexp" 344
"../../../Engine/Plugins/Animation/ControlRig/Content/Controls/ControlRig_Octagon_3mm.uasset" 345
"../../../Engine/Plugins/Animation/ControlRig/Content/Controls/ControlRig_Octagon_3mm.uexp" 346
"../../../Engine/Plugins/Animation/ControlRig/Content/Controls/ControlRig_Octagon_solid.uasset" 347
"../../../Engine/Plugins/Animation/ControlRig/Content/Controls/ControlRig_Octagon_solid.uexp" 348
"../../../Engine/Plugins/Animation/ControlRig/Content/Controls/ControlRig_Pyramid_1mm.uasset" 349
"../../../Engine/Plugins/Animation/ControlRig/Content/Controls/ControlRig_Pyramid_1mm.uexp" 350
"../../../Engine/Content/EditorResources/S_Note.uasset" 351
"../../../Engine/Content/EditorResources/S_Note.uexp" 352
"../../../Engine/Content/EngineMaterials/FastBlueNoise_scalar_128x128x64.uasset" 353
"../../../Engine/Content/EngineMaterials/FastBlueNoise_scalar_128x128x64.uexp" 354
"../../../Engine/Content/EngineMaterials/FastBlueNoise_scalar_128x128x8.uasset" 355
"../../../Engine/Content/EngineMaterials/FastBlueNoise_scalar_128x128x8.uexp" 356
"../../../Engine/Plugins/Animation/ControlRig/Content/Controls/ControlRig_Pyramid_3mm.uasset" 357
"../../../Engine/Plugins/Animation/ControlRig/Content/Controls/ControlRig_Pyramid_3mm.uexp" 358
"../../../Engine/Content/Functions/Engine_MaterialFunctions02/SplitComponents.uasset" 359
"../../../Engine/Content/Functions/Engine_MaterialFunctions02/SplitComponents.uexp" 360
"../../../Engine/Content/Functions/Engine_MaterialFunctions02/Math/Transform3x3Matrix.uasset" 361
"../../../Engine/Content/Functions/Engine_MaterialFunctions02/Math/Transform3x3Matrix.uexp" 362
"../../../Engine/Content/VREditor/SnapGrid/SnapGridMaterial.uasset" 363
"../../../Engine/Content/VREditor/SnapGrid/SnapGridMaterial.uexp" 364
"../../../Engine/Content/VREditor/SnapGrid/SnapGridPlaneMesh.uasset" 365
"../../../Engine/Content/VREditor/SnapGrid/SnapGridPlaneMesh.uexp" 366
"../../../Engine/Content/VREditor/LaserPointer/VR_LaserPower_01.ubulk" 367
"../../../Engine/Content/VREditor/LaserPointer/VR_LaserPower_01.uasset" 368
"../../../Engine/Content/VREditor/LaserPointer/VR_LaserPower_01.uexp" 369
"../../../Engine/Content/VREditor/TransformGizmo/TransformGizmoMaterial.uasset" 370
"../../../Engine/Content/VREditor/TransformGizmo/TransformGizmoMaterial.uexp" 371
"../../../Engine/Content/VREditor/TransformGizmo/TranslucentTransformGizmoMaterial.uasset" 372
"../../../Engine/Content/VREditor/TransformGizmo/TranslucentTransformGizmoMaterial.uexp" 373
"../../../Engine/Content/VREditor/TransformGizmo/PlaneTranslationHandle.uasset" 374
"../../../Engine/Content/VREditor/TransformGizmo/PlaneTranslationHandle.uexp" 375
"../../../Engine/Content/VREditor/TransformGizmo/RotationHandleFull.uasset" 376
"../../../Engine/Content/VREditor/TransformGizmo/RotationHandleFull.uexp" 377
"../../../Engine/Content/VREditor/TransformGizmo/RotationHandleIndicator.uasset" 378
"../../../Engine/Content/VREditor/TransformGizmo/RotationHandleIndicator.uexp" 379
"../../../Engine/Content/VREditor/TransformGizmo/RotationHandleQuarter.uasset" 380
"../../../Engine/Content/VREditor/TransformGizmo/RotationHandleQuarter.uexp" 381
"../../../Engine/Content/VREditor/TransformGizmo/StartRotationHandleIndicator.uasset" 382
"../../../Engine/Content/VREditor/TransformGizmo/StartRotationHandleIndicator.uexp" 383
"../../../Engine/Content/VREditor/TransformGizmo/TranslucentTransformGizmoMaterial_Inst.uasset" 384
"../../../Engine/Content/VREditor/TransformGizmo/TranslucentTransformGizmoMaterial_Inst.uexp" 385
"../../../Engine/Content/VREditor/TransformGizmo/TransformGizmoFreeRotation.uasset" 386
"../../../Engine/Content/VREditor/TransformGizmo/TransformGizmoFreeRotation.uexp" 387
"../../../Engine/Content/VREditor/TransformGizmo/TransformGizmoMaterial_Inst.uasset" 388
"../../../Engine/Content/VREditor/TransformGizmo/TransformGizmoMaterial_Inst.uexp" 389
"../../../Engine/Content/VREditor/TransformGizmo/TranslateArrowHandle.uasset" 390
"../../../Engine/Content/VREditor/TransformGizmo/TranslateArrowHandle.uexp" 391
"../../../Engine/Content/VREditor/TransformGizmo/UniformScaleHandle.uasset" 392
"../../../Engine/Content/VREditor/TransformGizmo/UniformScaleHandle.uexp" 393
"../../../Engine/Content/VREditor/Sounds/UI/Drop_Item_From_ContentBrowser.ubulk" 394
"../../../Engine/Content/VREditor/Sounds/UI/Drop_Item_From_ContentBrowser.uasset" 395
"../../../Engine/Content/VREditor/Sounds/UI/Drop_Item_From_ContentBrowser.uexp" 396
"../../../Engine/Content/VREditor/Sounds/UI/Gizmo_Handle_Clicked.ubulk" 397
"../../../Engine/Content/VREditor/Sounds/UI/Gizmo_Handle_Clicked.uasset" 398
"../../../Engine/Content/VREditor/Sounds/UI/Gizmo_Handle_Clicked.uexp" 399
"../../../Engine/Content/VREditor/Sounds/UI/Object_PickUp.ubulk" 400
"../../../Engine/Content/VREditor/Sounds/UI/Object_PickUp.uasset" 401
"../../../Engine/Content/VREditor/Sounds/UI/Object_PickUp.uexp" 402
"../../../Engine/Content/VREditor/Sounds/UI/Object_Snaps_To_Another_Actor.ubulk" 403
"../../../Engine/Content/VREditor/Sounds/UI/Object_Snaps_To_Another_Actor.uasset" 404
"../../../Engine/Content/VREditor/Sounds/UI/Object_Snaps_To_Another_Actor.uexp" 405
"../../../Engine/Content/VREditor/Sounds/UI/Object_Snaps_To_Grid.ubulk" 406
"../../../Engine/Content/VREditor/Sounds/UI/Object_Snaps_To_Grid.uasset" 407
"../../../Engine/Content/VREditor/Sounds/UI/Object_Snaps_To_Grid.uexp" 408
"../../../Engine/Content/VREditor/Sounds/UI/Scaling_Down.ubulk" 409
"../../../Engine/Content/VREditor/Sounds/UI/Scaling_Down.uasset" 410
"../../../Engine/Content/VREditor/Sounds/UI/Scaling_Down.uexp" 411
"../../../Engine/Content/VREditor/Sounds/UI/Scaling_Up.ubulk" 412
"../../../Engine/Content/VREditor/Sounds/UI/Scaling_Up.uasset" 413
"../../../Engine/Content/VREditor/Sounds/UI/Scaling_Up.uexp" 414
"../../../Engine/Content/VREditor/Sounds/UI/Selection_Changes.ubulk" 415
"../../../Engine/Content/VREditor/Sounds/UI/Selection_Changes.uasset" 416
"../../../Engine/Content/VREditor/Sounds/UI/Selection_Changes.uexp" 417
"../../../Engine/Content/EngineDamageTypes/DmgTypeBP_Environmental.uasset" 418
"../../../Engine/Content/EngineDamageTypes/DmgTypeBP_Environmental.uexp" 419
"../../../Engine/Content/EngineMaterials/FastBlueNoise_vec2_128x128x64.uasset" 420
"../../../Engine/Content/EngineMaterials/FastBlueNoise_vec2_128x128x64.uexp" 421
"../../../Engine/Plugins/Animation/ControlRig/Content/Controls/ControlRig_Pyramid_solid.uasset" 422
"../../../Engine/Plugins/Animation/ControlRig/Content/Controls/ControlRig_Pyramid_solid.uexp" 423
"../../../Engine/Plugins/Animation/ControlRig/Content/Controls/ControlRig_QuarterCircle_1mm.uasset" 424
"../../../Engine/Plugins/Animation/ControlRig/Content/Controls/ControlRig_QuarterCircle_1mm.uexp" 425
"../../../Engine/Content/EngineMaterials/BaseFlattenDiffuseMap.uasset" 426
"../../../Engine/Content/EngineMaterials/BaseFlattenDiffuseMap.uexp" 427
"../../../Engine/Content/EngineMaterials/BaseFlattenEmissiveMap.uasset" 428
"../../../Engine/Content/EngineMaterials/BaseFlattenEmissiveMap.uexp" 429
"../../../Engine/Content/EngineMaterials/BaseFlattenGrayscaleMap.uasset" 430
"../../../Engine/Content/EngineMaterials/BaseFlattenGrayscaleMap.uexp" 431
"../../../Engine/Content/EngineMaterials/BaseFlattenLinearColor.uasset" 432
"../../../Engine/Content/EngineMaterials/BaseFlattenLinearColor.uexp" 433
"../../../Engine/Content/EngineMaterials/BaseFlattenNormalMap.uasset" 434
"../../../Engine/Content/EngineMaterials/BaseFlattenNormalMap.uexp" 435
"../../../Engine/Content/Functions/Engine_MaterialFunctions02/PivotPainter2/Black_1x1_EXR_Texture.uasset" 436
"../../../Engine/Content/Functions/Engine_MaterialFunctions02/PivotPainter2/Black_1x1_EXR_Texture.uexp" 437
"../../../Engine/Content/EngineMaterials/FlattenMaterial.uasset" 438
"../../../Engine/Content/EngineMaterials/FlattenMaterial.uexp" 439
"../../../Engine/Plugins/Animation/ControlRig/Content/Controls/ControlRig_QuarterCircle_3mm.uasset" 440
"../../../Engine/Plugins/Animation/ControlRig/Content/Controls/ControlRig_QuarterCircle_3mm.uexp" 441
"../../../Engine/Plugins/Animation/ControlRig/Content/Controls/ControlRigGizmoMaterial.uasset" 442
"../../../Engine/Plugins/Animation/ControlRig/Content/Controls/ControlRigGizmoMaterial.uexp" 443
"../../../Engine/Plugins/Animation/ControlRig/Content/Controls/ControlRig_QuarterCircle_solid.uasset" 444
"../../../Engine/Plugins/Animation/ControlRig/Content/Controls/ControlRig_QuarterCircle_solid.uexp" 445
"../../../Engine/Plugins/Animation/ControlRig/Content/Controls/ControlRigXRayMaterial.uasset" 446
"../../../Engine/Plugins/Animation/ControlRig/Content/Controls/ControlRigXRayMaterial.uexp" 447
"../../../Engine/Plugins/Animation/ControlRig/Content/Controls/ControlRig_RoundedSquare_1mm.uasset" 448
"../../../Engine/Plugins/Animation/ControlRig/Content/Controls/ControlRig_RoundedSquare_1mm.uexp" 449
"../../../Engine/Plugins/Animation/ControlRig/Content/Controls/ControlRig_Arrow2_1mm.uasset" 450
"../../../Engine/Plugins/Animation/ControlRig/Content/Controls/ControlRig_Arrow2_1mm.uexp" 451
"../../../Engine/Plugins/Animation/ControlRig/Content/Controls/ControlRig_RoundedSquare_3mm.uasset" 452
"../../../Engine/Plugins/Animation/ControlRig/Content/Controls/ControlRig_RoundedSquare_3mm.uexp" 453
"../../../Engine/Plugins/Runtime/AudioWidgets/Content/Resources/ScrubHandleDown_Clamped.uasset" 454
"../../../Engine/Plugins/Runtime/AudioWidgets/Content/Resources/ScrubHandleDown_Clamped.uexp" 455
"../../../Engine/Content/EngineResources/Black.uasset" 456
"../../../Engine/Content/EngineResources/Black.uexp" 457
"../../../Engine/Plugins/Animation/ControlRig/Content/Controls/ControlRig_Arrow2_3mm.uasset" 458
"../../../Engine/Plugins/Animation/ControlRig/Content/Controls/ControlRig_Arrow2_3mm.uexp" 459
"../../../Engine/Plugins/Interchange/Assets/Content/Functions/MX_AbsorptionVDF.uasset" 460
"../../../Engine/Plugins/Interchange/Assets/Content/Functions/MX_AbsorptionVDF.uexp" 461
"../../../Engine/Plugins/Animation/ControlRig/Content/Controls/ControlRig_RoundedSquare_solid.uasset" 462
"../../../Engine/Plugins/Animation/ControlRig/Content/Controls/ControlRig_RoundedSquare_solid.uexp" 463
"../../../Engine/Plugins/Animation/ControlRig/Content/Controls/ControlRig_Arrow2_solid.uasset" 464
"../../../Engine/Plugins/Animation/ControlRig/Content/Controls/ControlRig_Arrow2_solid.uexp" 465
"../../../Engine/Content/EngineDebugMaterials/DebugEditorMaterial.uasset" 466
"../../../Engine/Content/EngineDebugMaterials/DebugEditorMaterial.uexp" 467
"../../../Engine/Plugins/Animation/ControlRig/Content/Controls/ControlRig_RoundedTriangle_1mm.uasset" 468
"../../../Engine/Plugins/Animation/ControlRig/Content/Controls/ControlRig_RoundedTriangle_1mm.uexp" 469
"../../../Engine/Content/EngineDebugMaterials/DebugMeshMaterial.uasset" 470
"../../../Engine/Content/EngineDebugMaterials/DebugMeshMaterial.uexp" 471
"../../../Engine/Plugins/Animation/ControlRig/Content/Controls/ControlRig_Arrow4_1mm.uasset" 472
"../../../Engine/Plugins/Animation/ControlRig/Content/Controls/ControlRig_Arrow4_1mm.uexp" 473
"../../../Engine/Plugins/Animation/ControlRig/Content/Controls/ControlRig_RoundedTriangle_3mm.uasset" 474
"../../../Engine/Plugins/Animation/ControlRig/Content/Controls/ControlRig_RoundedTriangle_3mm.uexp" 475
"../../../Engine/Content/EngineResources/DefaultTexture.ubulk" 476
"../../../Engine/Content/EngineResources/DefaultTexture.uasset" 477
"../../../Engine/Content/EngineResources/DefaultTexture.uexp" 478
"../../../Engine/Plugins/Interchange/Assets/Content/Functions/MX_AnisotropicVDF.uasset" 479
"../../../Engine/Plugins/Interchange/Assets/Content/Functions/MX_AnisotropicVDF.uexp" 480
"../../../Engine/Content/EngineResources/DefaultTextureCube.uasset" 481
"../../../Engine/Content/EngineResources/DefaultTextureCube.uexp" 482
"../../../Engine/Plugins/Animation/ControlRig/Content/Controls/ControlRig_RoundedTriangle_solid.uasset" 483
"../../../Engine/Plugins/Animation/ControlRig/Content/Controls/ControlRig_RoundedTriangle_solid.uexp" 484
"../../../Engine/Plugins/Interchange/Assets/Content/Functions/MX_BurleyDiffuseBSDF.uasset" 485
"../../../Engine/Plugins/Interchange/Assets/Content/Functions/MX_BurleyDiffuseBSDF.uexp" 486
"../../../Engine/Plugins/Animation/ControlRig/Content/Controls/ControlRig_Sphere_1mm.uasset" 487
"../../../Engine/Plugins/Animation/ControlRig/Content/Controls/ControlRig_Sphere_1mm.uexp" 488
"../../../Engine/Content/EngineMaterials/BaseFlattenDiffuseMap_VT.ubulk" 489
"../../../Engine/Content/EngineMaterials/BaseFlattenDiffuseMap_VT.uasset" 490
"../../../Engine/Content/EngineMaterials/BaseFlattenDiffuseMap_VT.uexp" 491
"../../../Engine/Content/EngineMaterials/BaseFlattenEmissiveMap_VT.ubulk" 492
"../../../Engine/Content/EngineMaterials/BaseFlattenEmissiveMap_VT.uasset" 493
"../../../Engine/Content/EngineMaterials/BaseFlattenEmissiveMap_VT.uexp" 494
"../../../Engine/Content/EngineMaterials/BaseFlattenGrayscaleMap_VT.ubulk" 495
"../../../Engine/Content/EngineMaterials/BaseFlattenGrayscaleMap_VT.uasset" 496
"../../../Engine/Content/EngineMaterials/BaseFlattenGrayscaleMap_VT.uexp" 497
"../../../Engine/Content/EngineMaterials/BaseFlattenLinearColor_VT.ubulk" 498
"../../../Engine/Content/EngineMaterials/BaseFlattenLinearColor_VT.uasset" 499
"../../../Engine/Content/EngineMaterials/BaseFlattenLinearColor_VT.uexp" 500
"../../../Engine/Content/EngineMaterials/BaseFlattenNormalMap_VT.ubulk" 501
"../../../Engine/Content/EngineMaterials/BaseFlattenNormalMap_VT.uasset" 502
"../../../Engine/Content/EngineMaterials/BaseFlattenNormalMap_VT.uexp" 503
"../../../Engine/Content/EngineMaterials/Black_1x1_EXR_Texture_VT.ubulk" 504
"../../../Engine/Content/EngineMaterials/Black_1x1_EXR_Texture_VT.uasset" 505
"../../../Engine/Content/EngineMaterials/Black_1x1_EXR_Texture_VT.uexp" 506
"../../../Engine/Content/EngineMaterials/FlattenMaterial_VT.uasset" 507
"../../../Engine/Content/EngineMaterials/FlattenMaterial_VT.uexp" 508
"../../../Engine/Plugins/Interchange/Assets/Content/Functions/MX_ChiangHairBSDF.uasset" 509
"../../../Engine/Plugins/Interchange/Assets/Content/Functions/MX_ChiangHairBSDF.uexp" 510
"../../../Engine/Plugins/Animation/ControlRig/Content/Controls/ControlRig_Sphere_3mm.uasset" 511
"../../../Engine/Plugins/Animation/ControlRig/Content/Controls/ControlRig_Sphere_3mm.uexp" 512
"../../../Engine/Content/EngineResources/DefaultVolumeTexture2D.uasset" 513
"../../../Engine/Content/EngineResources/DefaultVolumeTexture2D.uexp" 514
"../../../Engine/Content/EngineResources/DefaultVolumeTexture.uasset" 515
"../../../Engine/Content/EngineResources/DefaultVolumeTexture.uexp" 516
"../../../Engine/Content/EngineMaterials/FlattenMaterial_WS_Normal_VT.uasset" 517
"../../../Engine/Content/EngineMaterials/FlattenMaterial_WS_Normal_VT.uexp" 518
"../../../Engine/Plugins/Animation/ControlRig/Content/Controls/ControlRig_Sphere_solid.uasset" 519
"../../../Engine/Plugins/Animation/ControlRig/Content/Controls/ControlRig_Sphere_solid.uexp" 520
"../../../Engine/Content/EngineMaterials/GizmoMaterial.uasset" 521
"../../../Engine/Content/EngineMaterials/GizmoMaterial.uexp" 522
"../../../Engine/Plugins/Interchange/Assets/Content/Functions/MX_ConductorBSDF.uasset" 523
"../../../Engine/Plugins/Interchange/Assets/Content/Functions/MX_ConductorBSDF.uexp" 524
"../../../Engine/Plugins/Animation/ControlRig/Content/Controls/ControlRig_Square_1mm.uasset" 525
"../../../Engine/Plugins/Animation/ControlRig/Content/Controls/ControlRig_Square_1mm.uexp" 526
"../../../Engine/Plugins/Interchange/Assets/Content/Functions/MX_ConicalEDF.uasset" 527
"../../../Engine/Plugins/Interchange/Assets/Content/Functions/MX_ConicalEDF.uexp" 528
"../../../Engine/Content/EngineResources/GradientTexture0.uasset" 529
"../../../Engine/Content/EngineResources/GradientTexture0.uexp" 530
"../../../Engine/Plugins/Interchange/Assets/Content/Substrate/MX_SimpleVolume.uasset" 531
"../../../Engine/Plugins/Interchange/Assets/Content/Substrate/MX_SimpleVolume.uexp" 532
"../../../Engine/Plugins/Animation/ControlRig/Content/Controls/ControlRig_Square_3mm.uasset" 533
"../../../Engine/Plugins/Animation/ControlRig/Content/Controls/ControlRig_Square_3mm.uexp" 534
"../../../Engine/Plugins/Interchange/Assets/Content/Functions/MX_DielectricBSDF.uasset" 535
"../../../Engine/Plugins/Interchange/Assets/Content/Functions/MX_DielectricBSDF.uexp" 536
"../../../Engine/Plugins/Interchange/Assets/Content/Functions/MX_Displacement.uasset" 537
"../../../Engine/Plugins/Interchange/Assets/Content/Functions/MX_Displacement.uexp" 538
"../../../Engine/Plugins/Interchange/Assets/Content/Functions/MX_GeneralizedSchlickBSDF.uasset" 539
"../../../Engine/Plugins/Interchange/Assets/Content/Functions/MX_GeneralizedSchlickBSDF.uexp" 540
"../../../Engine/Plugins/Animation/ControlRig/Content/Controls/ControlRig_Square_solid.uasset" 541
"../../../Engine/Plugins/Animation/ControlRig/Content/Controls/ControlRig_Square_solid.uexp" 542
"../../../Engine/Content/EngineResources/LandscapeVisibilityLayerInfo.uasset" 543
"../../../Engine/Content/EngineResources/LandscapeVisibilityLayerInfo.uexp" 544
"../../../Engine/Plugins/Animation/ControlRig/Content/Controls/ControlRig_Star4_1mm.uasset" 545
"../../../Engine/Plugins/Animation/ControlRig/Content/Controls/ControlRig_Star4_1mm.uexp" 546
"../../../Engine/Content/EngineDebugMaterials/M_SimpleUnlitTranslucent.uasset" 547
"../../../Engine/Content/EngineDebugMaterials/M_SimpleUnlitTranslucent.uexp" 548
"../../../Engine/Plugins/Animation/ControlRig/Content/Controls/ControlRig_Star4_3mm.uasset" 549
"../../../Engine/Plugins/Animation/ControlRig/Content/Controls/ControlRig_Star4_3mm.uexp" 550
"../../../Engine/Content/EngineDebugMaterials/VolumeToRender.uasset" 551
"../../../Engine/Content/EngineDebugMaterials/VolumeToRender.uexp" 552
"../../../Engine/Content/EngineDebugMaterials/M_VolumeRenderSphereTracePP.uasset" 553
"../../../Engine/Content/EngineDebugMaterials/M_VolumeRenderSphereTracePP.uexp" 554
"../../../Engine/Plugins/Interchange/Assets/Content/Functions/MX_MeasuredEDF.uasset" 555
"../../../Engine/Plugins/Interchange/Assets/Content/Functions/MX_MeasuredEDF.uexp" 556
"../../../Engine/Plugins/Animation/ControlRig/Content/Controls/ControlRig_Star4_solid.uasset" 557
"../../../Engine/Plugins/Animation/ControlRig/Content/Controls/ControlRig_Star4_solid.uexp" 558
"../../../Engine/Plugins/Interchange/Assets/Content/Functions/MF_IridescenceNoLUT.uasset" 559
"../../../Engine/Plugins/Interchange/Assets/Content/Functions/MF_IridescenceNoLUT.uexp" 560
"../../../Engine/Plugins/Interchange/Assets/Content/Functions/MX_StandardSurface.uasset" 561
"../../../Engine/Plugins/Interchange/Assets/Content/Functions/MX_StandardSurface.uexp" 562
"../../../Engine/Plugins/Interchange/Assets/Content/Functions/MX_OpenPBR_Opaque.uasset" 563
"../../../Engine/Plugins/Interchange/Assets/Content/Functions/MX_OpenPBR_Opaque.uexp" 564
"../../../Engine/Plugins/Animation/ControlRig/Content/Controls/ControlRig_Triangle_1mm.uasset" 565
"../../../Engine/Plugins/Animation/ControlRig/Content/Controls/ControlRig_Triangle_1mm.uexp" 566
"../../../Engine/Plugins/Interchange/Assets/Content/Functions/MX_TransmissionSurface.uasset" 567
"../../../Engine/Plugins/Interchange/Assets/Content/Functions/MX_TransmissionSurface.uexp" 568
"../../../Engine/Plugins/Interchange/Assets/Content/Functions/MX_OpenPBR_Translucent.uasset" 569
"../../../Engine/Plugins/Interchange/Assets/Content/Functions/MX_OpenPBR_Translucent.uexp" 570
"../../../Engine/Plugins/Animation/ControlRig/Content/Controls/ControlRig_Triangle_3mm.uasset" 571
"../../../Engine/Plugins/Animation/ControlRig/Content/Controls/ControlRig_Triangle_3mm.uexp" 572
"../../../Engine/Plugins/Interchange/Assets/Content/Functions/MX_OrenNayarBSDF.uasset" 573
"../../../Engine/Plugins/Interchange/Assets/Content/Functions/MX_OrenNayarBSDF.uexp" 574
"../../../Engine/Plugins/Animation/ControlRig/Content/Controls/ControlRig_Triangle_solid.uasset" 575
"../../../Engine/Plugins/Animation/ControlRig/Content/Controls/ControlRig_Triangle_solid.uexp" 576
"../../../Engine/Plugins/Animation/ControlRig/Content/Controls/ControlRig_Wedge_1mm.uasset" 577
"../../../Engine/Plugins/Animation/ControlRig/Content/Controls/ControlRig_Wedge_1mm.uexp" 578
"../../../Engine/Plugins/Animation/ControlRig/Content/Controls/ControlRig_Wedge_3mm.uasset" 579
"../../../Engine/Plugins/Animation/ControlRig/Content/Controls/ControlRig_Wedge_3mm.uexp" 580
"../../../Engine/Content/EngineMaterials/MiniFont.uasset" 581
"../../../Engine/Content/EngineMaterials/MiniFont.uexp" 582
"../../../Engine/Plugins/Animation/ControlRig/Content/Controls/ControlRig_Wedge_solid.uasset" 583
"../../../Engine/Plugins/Animation/ControlRig/Content/Controls/ControlRig_Wedge_solid.uexp" 584
"../../../Engine/Content/EngineMaterials/InvalidLightmapSettings.ubulk" 585
"../../../Engine/Content/EngineMaterials/InvalidLightmapSettings.uasset" 586
"../../../Engine/Content/EngineMaterials/InvalidLightmapSettings.uexp" 587
"../../../Engine/Content/EngineMaterials/M_InvalidLightmapSettings.uasset" 588
"../../../Engine/Content/EngineMaterials/M_InvalidLightmapSettings.uexp" 589
"../../../Engine/Plugins/Interchange/Assets/Content/Functions/MX_SheenBSDF.uasset" 590
"../../../Engine/Plugins/Interchange/Assets/Content/Functions/MX_SheenBSDF.uexp" 591
"../../../Engine/Content/EngineMaterials/NaniteHiddenSectionMaterial.uasset" 592
"../../../Engine/Content/EngineMaterials/NaniteHiddenSectionMaterial.uexp" 593
"../../../Engine/Plugins/Interchange/Assets/Content/Functions/MX_SubsurfaceBSDF.uasset" 594
"../../../Engine/Plugins/Interchange/Assets/Content/Functions/MX_SubsurfaceBSDF.uexp" 595
"../../../Engine/Plugins/Interchange/Assets/Content/Functions/MX_Surface.uasset" 596
"../../../Engine/Plugins/Interchange/Assets/Content/Functions/MX_Surface.uexp" 597
"../../../Engine/Plugins/Interchange/Assets/Content/Functions/MX_SurfaceUnlit.uasset" 598
"../../../Engine/Plugins/Interchange/Assets/Content/Functions/MX_SurfaceUnlit.uexp" 599
"../../../Engine/Content/EditorMaterials/Dataflow/DataflowTwoSidedVertexMaterial.uasset" 600
"../../../Engine/Content/EditorMaterials/Dataflow/DataflowTwoSidedVertexMaterial.uexp" 601
"../../../Engine/Content/EditorMaterials/Dataflow/DataflowVertexMaterial.uasset" 602
"../../../Engine/Content/EditorMaterials/Dataflow/DataflowVertexMaterial.uexp" 603
"../../../Engine/Content/EngineMaterials/PhAT_JointLimitMaterial.uasset" 604
"../../../Engine/Content/EngineMaterials/PhAT_JointLimitMaterial.uexp" 605
"../../../Engine/Content/EngineMaterials/DefaultCalibrationColor.uasset" 606
"../../../Engine/Content/EngineMaterials/DefaultCalibrationColor.uexp" 607
"../../../Engine/Content/EngineMaterials/PPM_DefaultCalibrationColor.uasset" 608
"../../../Engine/Content/EngineMaterials/PPM_DefaultCalibrationColor.uexp" 609
"../../../Engine/Content/EditorMaterials/Camera/CineMat.uasset" 610
"../../../Engine/Content/EditorMaterials/Camera/CineMat.uexp" 611
"../../../Engine/Content/EditorMaterials/Camera/MI_CineMat_Rig.uasset" 612
"../../../Engine/Content/EditorMaterials/Camera/MI_CineMat_Rig.uexp" 613
"../../../Engine/Content/EditorMeshes/Camera/SM_CraneRig_Arm.uasset" 614
"../../../Engine/Content/EditorMeshes/Camera/SM_CraneRig_Arm.uexp" 615
"../../../Engine/Content/EngineMaterials/DefaultCalibrationGrayscale.uasset" 616
"../../../Engine/Content/EngineMaterials/DefaultCalibrationGrayscale.uexp" 617
"../../../Engine/Content/EngineMaterials/PPM_DefaultCalibrationGrayscale.uasset" 618
"../../../Engine/Content/EngineMaterials/PPM_DefaultCalibrationGrayscale.uexp" 619
"../../../Engine/Content/EditorMeshes/Camera/SM_CraneRig_Base.uasset" 620
"../../../Engine/Content/EditorMeshes/Camera/SM_CraneRig_Base.uexp" 621
"../../../Engine/Content/EditorMeshes/Camera/SM_CraneRig_Body.uasset" 622
"../../../Engine/Content/EditorMeshes/Camera/SM_CraneRig_Body.uexp" 623
"../../../Engine/Content/EngineMaterials/PreintegratedSkinBRDF.uasset" 624
"../../../Engine/Content/EngineMaterials/PreintegratedSkinBRDF.uexp" 625
"../../../Engine/Content/EditorMeshes/Camera/SM_CraneRig_Mount.uasset" 626
"../../../Engine/Content/EditorMeshes/Camera/SM_CraneRig_Mount.uexp" 627
"../../../Engine/Content/EditorMeshes/Camera/SM_RailRig_Mount.uasset" 628
"../../../Engine/Content/EditorMeshes/Camera/SM_RailRig_Mount.uexp" 629
"../../../Engine/Plugins/Runtime/HairStrands/Content/Materials/HairCardsDefaultMaterial.uasset" 630
"../../../Engine/Plugins/Runtime/HairStrands/Content/Materials/HairCardsDefaultMaterial.uexp" 631
"../../../Engine/Content/EditorMeshes/Camera/SM_RailRig_Track.uasset" 632
"../../../Engine/Content/EditorMeshes/Camera/SM_RailRig_Track.uexp" 633
"../../../Engine/Plugins/Interchange/Assets/Content/Functions/MX_TranslucentBSDF.uasset" 634
"../../../Engine/Plugins/Interchange/Assets/Content/Functions/MX_TranslucentBSDF.uexp" 635
"../../../Engine/Content/Functions/Engine_MaterialFunctions02/Utility/MakeFloat2.uasset" 636
"../../../Engine/Content/Functions/Engine_MaterialFunctions02/Utility/MakeFloat2.uexp" 637
"../../../Engine/Content/EngineMaterials/HairColorMap.uasset" 638
"../../../Engine/Content/EngineMaterials/HairColorMap.uexp" 639
"../../../Engine/Content/EngineMaterials/HairDebugColor.uasset" 640
"../../../Engine/Content/EngineMaterials/HairDebugColor.uexp" 641
"../../../Engine/Plugins/Runtime/HairStrands/Content/Materials/HairGroupColors.uasset" 642
"../../../Engine/Plugins/Runtime/HairStrands/Content/Materials/HairGroupColors.uexp" 643
"../../../Engine/Plugins/Runtime/HairStrands/Content/Materials/HairDebugMaterial.uasset" 644
"../../../Engine/Plugins/Runtime/HairStrands/Content/Materials/HairDebugMaterial.uexp" 645
"../../../Engine/Plugins/Runtime/HairStrands/Content/Materials/HairDefaultMaterial.uasset" 646
"../../../Engine/Plugins/Runtime/HairStrands/Content/Materials/HairDefaultMaterial.uexp" 647
"../../../Engine/Content/EngineMaterials/EnergyConservation/Diffuse_Energy.uasset" 648
"../../../Engine/Content/EngineMaterials/EnergyConservation/Diffuse_Energy.uexp" 649
"../../../Engine/Plugins/Runtime/HairStrands/Content/Materials/HairMeshesDefaultMaterial.uasset" 650
"../../../Engine/Plugins/Runtime/HairStrands/Content/Materials/HairMeshesDefaultMaterial.uexp" 651
"../../../Engine/Plugins/Interchange/Runtime/Content/Pipelines/DefaultAssetsPipeline.uasset" 652
"../../../Engine/Plugins/Interchange/Runtime/Content/Pipelines/DefaultAssetsPipeline.uexp" 653
"../../../Engine/Plugins/Interchange/Runtime/Content/Pipelines/DefaultAudioPipeline.uasset" 654
"../../../Engine/Plugins/Interchange/Runtime/Content/Pipelines/DefaultAudioPipeline.uexp" 655
"../../../Engine/Plugins/Interchange/Runtime/Content/Pipelines/DefaultGLTFAssetsPipeline.uasset" 656
"../../../Engine/Plugins/Interchange/Runtime/Content/Pipelines/DefaultGLTFAssetsPipeline.uexp" 657
"../../../Engine/Plugins/Interchange/Runtime/Content/Pipelines/DefaultGLTFPipeline.uasset" 658
"../../../Engine/Plugins/Interchange/Runtime/Content/Pipelines/DefaultGLTFPipeline.uexp" 659
"../../../Engine/Plugins/Interchange/Assets/Content/Functions/MX_UniformEDF.uasset" 660
"../../../Engine/Plugins/Interchange/Assets/Content/Functions/MX_UniformEDF.uexp" 661
"../../../Engine/Plugins/Interchange/Runtime/Content/Pipelines/DefaultGLTFSceneAssetsPipeline.uasset" 662
"../../../Engine/Plugins/Interchange/Runtime/Content/Pipelines/DefaultGLTFSceneAssetsPipeline.uexp" 663
"../../../Engine/Plugins/Interchange/Runtime/Content/Pipelines/DefaultMaterialPipeline.uasset" 664
"../../../Engine/Plugins/Interchange/Runtime/Content/Pipelines/DefaultMaterialPipeline.uexp" 665
"../../../Engine/Plugins/Interchange/Assets/Content/Functions/MX_UsdPreviewSurface.uasset" 666
"../../../Engine/Plugins/Interchange/Assets/Content/Functions/MX_UsdPreviewSurface.uexp" 667
"../../../Engine/Content/EngineMaterials/EnergyConservation/GGX_ReflectionEnergy.uasset" 668
"../../../Engine/Content/EngineMaterials/EnergyConservation/GGX_ReflectionEnergy.uexp" 669
"../../../Engine/Plugins/Interchange/Runtime/Content/Pipelines/DefaultMaterialXPipeline.uasset" 670
"../../../Engine/Plugins/Interchange/Runtime/Content/Pipelines/DefaultMaterialXPipeline.uexp" 671
"../../../Engine/Plugins/Interchange/Runtime/Content/Pipelines/DefaultSceneAssetsPipeline.uasset" 672
"../../../Engine/Plugins/Interchange/Runtime/Content/Pipelines/DefaultSceneAssetsPipeline.uexp" 673
"../../../Engine/Plugins/Interchange/Runtime/Content/Pipelines/DefaultSceneLevelPipeline.uasset" 674
"../../../Engine/Plugins/Interchange/Runtime/Content/Pipelines/DefaultSceneLevelPipeline.uexp" 675
"../../../Engine/Plugins/Interchange/Runtime/Content/Pipelines/DefaultTexturePipeline.uasset" 676
"../../../Engine/Plugins/Interchange/Runtime/Content/Pipelines/DefaultTexturePipeline.uexp" 677
"../../../Engine/Content/EngineMaterials/EnergyConservation/GGX_TransmissionEnergyArray.uasset" 678
"../../../Engine/Content/EngineMaterials/EnergyConservation/GGX_TransmissionEnergyArray.uexp" 679
"../../../Engine/Content/EngineMaterials/EnergyConservation/SheenLegacy_Energy.uasset" 680
"../../../Engine/Content/EngineMaterials/EnergyConservation/SheenLegacy_Energy.uexp" 681
"../../../Engine/Content/EngineMaterials/EnergyConservation/Sheen_Energy.uasset" 682
"../../../Engine/Content/EngineMaterials/EnergyConservation/Sheen_Energy.uexp" 683
"../../../Engine/Content/EngineMaterials/LTC/GGX_LTCAmp.uasset" 684
"../../../Engine/Content/EngineMaterials/LTC/GGX_LTCAmp.uexp" 685
"../../../Engine/Content/EngineMaterials/LTC/GGX_LTCMat.uasset" 686
"../../../Engine/Content/EngineMaterials/LTC/GGX_LTCMat.uexp" 687
"../../../Engine/Content/EngineMaterials/LTC/Sheen_LTC.uasset" 688
"../../../Engine/Content/EngineMaterials/LTC/Sheen_LTC.uexp" 689
"../../../Engine/Content/EngineResources/Development/ZenLogo_64.uasset" 690
"../../../Engine/Content/EngineResources/Development/ZenLogo_64.uexp" 691
"../../../Engine/Content/EngineResources/FilmGrains/Marcie_Grain_v3_128_M2_000.uasset" 692
"../../../Engine/Content/EngineResources/FilmGrains/Marcie_Grain_v3_128_M2_000.uexp" 693
"../../../Engine/Content/EditorMaterials/ParticleSystems/PSysThumbnail_NoImage.ubulk" 694
"../../../Engine/Content/EditorMaterials/ParticleSystems/PSysThumbnail_NoImage.uasset" 695
"../../../Engine/Content/EditorMaterials/ParticleSystems/PSysThumbnail_NoImage.uexp" 696
"../../../Engine/Content/EditorMaterials/ParticleSystems/PSysThumbnail_OOD.ubulk" 697
"../../../Engine/Content/EditorMaterials/ParticleSystems/PSysThumbnail_OOD.uasset" 698
"../../../Engine/Content/EditorMaterials/ParticleSystems/PSysThumbnail_OOD.uexp" 699
"../../../Engine/Content/VREditor/TransformGizmo/BoundingBoxCorner.uasset" 700
"../../../Engine/Content/VREditor/TransformGizmo/BoundingBoxCorner.uexp" 701
"../../../Engine/Content/VREditor/TransformGizmo/BoundingBoxEdge.uasset" 702
"../../../Engine/Content/VREditor/TransformGizmo/BoundingBoxEdge.uexp" 703
"../../../Engine/Content/EditorResources/SequenceRecorder/Countdown.uasset" 704
"../../../Engine/Content/EditorResources/SequenceRecorder/Countdown.uexp" 705
"../../../Engine/Content/EditorResources/SequenceRecorder/RecordingIndicator.uasset" 706
"../../../Engine/Content/EditorResources/SequenceRecorder/RecordingIndicator.uexp" 707
"C:/Users/Braun/repos/ShatteredArcana/Content/Textures/UI/T_MenuBackground.uasset" 708
"C:/Users/Braun/repos/ShatteredArcana/Content/Textures/UI/T_MenuBackground.uexp" 709
"C:/Users/Braun/repos/ShatteredArcana/Content/Textures/Wizards/class_psyker.ubulk" 710
"C:/Users/Braun/repos/ShatteredArcana/Content/Textures/Wizards/class_psyker.uasset" 711
"C:/Users/Braun/repos/ShatteredArcana/Content/Textures/Wizards/class_psyker.uexp" 712
"C:/Users/Braun/repos/ShatteredArcana/Content/Textures/Wizards/class_warlock.ubulk" 713
"C:/Users/Braun/repos/ShatteredArcana/Content/Textures/Wizards/class_warlock.uasset" 714
"C:/Users/Braun/repos/ShatteredArcana/Content/Textures/Wizards/class_warlock.uexp" 715
"C:/Users/Braun/repos/ShatteredArcana/Content/Textures/Wizards/class_wizard.ubulk" 716
"C:/Users/Braun/repos/ShatteredArcana/Content/Textures/Wizards/class_wizard.uasset" 717
"C:/Users/Braun/repos/ShatteredArcana/Content/Textures/Wizards/class_wizard.uexp" 718
"C:/Users/Braun/repos/ShatteredArcana/Content/Textures/Wizards/creation_background.ubulk" 719
"C:/Users/Braun/repos/ShatteredArcana/Content/Textures/Wizards/creation_background.uasset" 720
"C:/Users/Braun/repos/ShatteredArcana/Content/Textures/Wizards/creation_background.uexp" 721
"C:/Users/Braun/repos/ShatteredArcana/Content/Textures/Wizards/realm_arcane.ubulk" 722
"C:/Users/Braun/repos/ShatteredArcana/Content/Textures/Wizards/realm_arcane.uasset" 723
"C:/Users/Braun/repos/ShatteredArcana/Content/Textures/Wizards/realm_arcane.uexp" 724
"C:/Users/Braun/repos/ShatteredArcana/Content/Textures/Wizards/realm_binding.ubulk" 725
"C:/Users/Braun/repos/ShatteredArcana/Content/Textures/Wizards/realm_binding.uasset" 726
"C:/Users/Braun/repos/ShatteredArcana/Content/Textures/Wizards/realm_binding.uexp" 727
"../../../Engine/Content/Functions/Engine_MaterialFunctions01/Texturing/FlattenNormal.uasset" 728
"../../../Engine/Content/Functions/Engine_MaterialFunctions01/Texturing/FlattenNormal.uexp" 729
"../../../Engine/Plugins/Interchange/Assets/Content/Utilities/New_LUT.uasset" 730
"../../../Engine/Plugins/Interchange/Assets/Content/Utilities/New_LUT.uexp" 731
"../../../Engine/Content/Functions/Engine_MaterialFunctions03/Math/RemapValueRange.uasset" 732
"../../../Engine/Content/Functions/Engine_MaterialFunctions03/Math/RemapValueRange.uexp" 733
"../../../Engine/Plugins/Interchange/Assets/Content/Functions/MF_Iridescence.uasset" 734
"../../../Engine/Plugins/Interchange/Assets/Content/Functions/MF_Iridescence.uexp" 735
"../../../Engine/Plugins/Interchange/Assets/Content/gltf/Textures/T_White_srgb.uasset" 736
"../../../Engine/Plugins/Interchange/Assets/Content/gltf/Textures/T_White_srgb.uexp" 737
"../../../Engine/Plugins/Interchange/Assets/Content/gltf/MaterialFunctions/MF_BaseColor.uasset" 738
"../../../Engine/Plugins/Interchange/Assets/Content/gltf/MaterialFunctions/MF_BaseColor.uexp" 739
"../../../Engine/Plugins/Interchange/Assets/Content/gltf/MaterialFunctions/MF_RotateNormals_TS.uasset" 740
"../../../Engine/Plugins/Interchange/Assets/Content/gltf/MaterialFunctions/MF_RotateNormals_TS.uexp" 741
"../../../Engine/Plugins/Interchange/Assets/Content/gltf/Textures/T_Generic_N.uasset" 742
"../../../Engine/Plugins/Interchange/Assets/Content/gltf/Textures/T_Generic_N.uexp" 743
"../../../Engine/Plugins/Interchange/Assets/Content/gltf/Textures/T_White_Linear.uasset" 744
"../../../Engine/Plugins/Interchange/Assets/Content/gltf/Textures/T_White_Linear.uexp" 745
"../../../Engine/Plugins/Interchange/Assets/Content/gltf/MaterialFunctions/MF_Clearcoat.uasset" 746
"../../../Engine/Plugins/Interchange/Assets/Content/gltf/MaterialFunctions/MF_Clearcoat.uexp" 747
"../../../Engine/Plugins/Interchange/Assets/Content/gltf/MaterialFunctions/MF_Emissive.uasset" 748
"../../../Engine/Plugins/Interchange/Assets/Content/gltf/MaterialFunctions/MF_Emissive.uexp" 749
"../../../Engine/Plugins/Interchange/Assets/Content/gltf/MaterialFunctions/MF_IOR.uasset" 750
"../../../Engine/Plugins/Interchange/Assets/Content/gltf/MaterialFunctions/MF_IOR.uexp" 751
"../../../Engine/Plugins/Interchange/Assets/Content/gltf/MaterialFunctions/MF_Iridescence.uasset" 752
"../../../Engine/Plugins/Interchange/Assets/Content/gltf/MaterialFunctions/MF_Iridescence.uexp" 753
"../../../Engine/Plugins/Interchange/Assets/Content/gltf/MaterialFunctions/MF_MetallicRoughness.uasset" 754
"../../../Engine/Plugins/Interchange/Assets/Content/gltf/MaterialFunctions/MF_MetallicRoughness.uexp" 755
"../../../Engine/Plugins/Interchange/Assets/Content/gltf/MaterialFunctions/MF_ScaleNormal.uasset" 756
"../../../Engine/Plugins/Interchange/Assets/Content/gltf/MaterialFunctions/MF_ScaleNormal.uexp" 757
"../../../Engine/Plugins/Interchange/Assets/Content/gltf/MaterialFunctions/MF_Normals.uasset" 758
"../../../Engine/Plugins/Interchange/Assets/Content/gltf/MaterialFunctions/MF_Normals.uexp" 759
"../../../Engine/Plugins/Interchange/Assets/Content/gltf/MaterialFunctions/MF_Occlusion.uasset" 760
"../../../Engine/Plugins/Interchange/Assets/Content/gltf/MaterialFunctions/MF_Occlusion.uexp" 761
"../../../Engine/Plugins/Interchange/Assets/Content/gltf/MaterialFunctions/MF_Specular.uasset" 762
"../../../Engine/Plugins/Interchange/Assets/Content/gltf/MaterialFunctions/MF_Specular.uexp" 763
"../../../Engine/Plugins/Interchange/Assets/Content/gltf/Textures/T_Anisotropy_Direction_Linear.uasset" 764
"../../../Engine/Plugins/Interchange/Assets/Content/gltf/Textures/T_Anisotropy_Direction_Linear.uexp" 765
"../../../Engine/Plugins/Interchange/Assets/Content/gltf/MaterialFunctions/MF_SpecularAnisotropy.uasset" 766
"../../../Engine/Plugins/Interchange/Assets/Content/gltf/MaterialFunctions/MF_SpecularAnisotropy.uexp" 767
"../../../Engine/Plugins/Interchange/Assets/Content/gltf/MaterialFunctions/MF_RotateV2.uasset" 768
"../../../Engine/Plugins/Interchange/Assets/Content/gltf/MaterialFunctions/MF_RotateV2.uexp" 769
"../../../Engine/Plugins/Interchange/Assets/Content/gltf/MaterialFunctions/MF_TransformUVs.uasset" 770
"../../../Engine/Plugins/Interchange/Assets/Content/gltf/MaterialFunctions/MF_TransformUVs.uexp" 771
"../../../Engine/Plugins/Interchange/Assets/Content/gltf/MaterialBodies/MF_ClearCoat_Body.uasset" 772
"../../../Engine/Plugins/Interchange/Assets/Content/gltf/MaterialBodies/MF_ClearCoat_Body.uexp" 773
"../../../Engine/Plugins/Interchange/Assets/Content/gltf/M_ClearCoat.uasset" 774
"../../../Engine/Plugins/Interchange/Assets/Content/gltf/M_ClearCoat.uexp" 775
"../../../Engine/Plugins/Interchange/Assets/Content/gltf/MaterialInstances/MI_ClearCoat_Blend.uasset" 776
"../../../Engine/Plugins/Interchange/Assets/Content/gltf/MaterialInstances/MI_ClearCoat_Blend.uexp" 777
"C:/Users/Braun/repos/ShatteredArcana/Content/Textures/Wizards/realm_chaos.ubulk" 778
"C:/Users/Braun/repos/ShatteredArcana/Content/Textures/Wizards/realm_chaos.uasset" 779
"C:/Users/Braun/repos/ShatteredArcana/Content/Textures/Wizards/realm_chaos.uexp" 780
"../../../Engine/Plugins/Interchange/Assets/Content/gltf/MaterialInstances/MI_ClearCoat_Blend_DS.uasset" 781
"../../../Engine/Plugins/Interchange/Assets/Content/gltf/MaterialInstances/MI_ClearCoat_Blend_DS.uexp" 782
"C:/Users/Braun/repos/ShatteredArcana/Content/Textures/Wizards/realm_death.ubulk" 783
"C:/Users/Braun/repos/ShatteredArcana/Content/Textures/Wizards/realm_death.uasset" 784
"C:/Users/Braun/repos/ShatteredArcana/Content/Textures/Wizards/realm_death.uexp" 785
"../../../Engine/Plugins/Interchange/Assets/Content/gltf/MaterialInstances/MI_ClearCoat_Mask.uasset" 786
"../../../Engine/Plugins/Interchange/Assets/Content/gltf/MaterialInstances/MI_ClearCoat_Mask.uexp" 787
"../../../Engine/Plugins/Interchange/Assets/Content/gltf/MaterialInstances/MI_ClearCoat_Mask_DS.uasset" 788
"../../../Engine/Plugins/Interchange/Assets/Content/gltf/MaterialInstances/MI_ClearCoat_Mask_DS.uexp" 789
"C:/Users/Braun/repos/ShatteredArcana/Content/Textures/Wizards/realm_glamour.ubulk" 790
"C:/Users/Braun/repos/ShatteredArcana/Content/Textures/Wizards/realm_glamour.uasset" 791
"C:/Users/Braun/repos/ShatteredArcana/Content/Textures/Wizards/realm_glamour.uexp" 792
"C:/Users/Braun/repos/ShatteredArcana/Content/Textures/Wizards/realm_life.ubulk" 793
"C:/Users/Braun/repos/ShatteredArcana/Content/Textures/Wizards/realm_life.uasset" 794
"C:/Users/Braun/repos/ShatteredArcana/Content/Textures/Wizards/realm_life.uexp" 795
"../../../Engine/Plugins/Interchange/Assets/Content/gltf/MaterialInstances/MI_ClearCoat_Opaque.uasset" 796
"../../../Engine/Plugins/Interchange/Assets/Content/gltf/MaterialInstances/MI_ClearCoat_Opaque.uexp" 797
"../../../Engine/Plugins/Interchange/Assets/Content/gltf/MaterialInstances/MI_ClearCoat_Opaque_DS.uasset" 798
"../../../Engine/Plugins/Interchange/Assets/Content/gltf/MaterialInstances/MI_ClearCoat_Opaque_DS.uexp" 799
"C:/Users/Braun/repos/ShatteredArcana/Content/Textures/Wizards/realm_nature.ubulk" 800
"C:/Users/Braun/repos/ShatteredArcana/Content/Textures/Wizards/realm_nature.uasset" 801
"C:/Users/Braun/repos/ShatteredArcana/Content/Textures/Wizards/realm_nature.uexp" 802
"../../../Engine/Plugins/Interchange/Assets/Content/gltf/MaterialBodies/MF_Default_Body.uasset" 803
"../../../Engine/Plugins/Interchange/Assets/Content/gltf/MaterialBodies/MF_Default_Body.uexp" 804
"../../../Engine/Plugins/Interchange/Assets/Content/gltf/M_Default.uasset" 805
"../../../Engine/Plugins/Interchange/Assets/Content/gltf/M_Default.uexp" 806
"../../../Engine/Plugins/Interchange/Assets/Content/gltf/MaterialInstances/MI_Default_Blend.uasset" 807
"../../../Engine/Plugins/Interchange/Assets/Content/gltf/MaterialInstances/MI_Default_Blend.uexp" 808
"../../../Engine/Plugins/Interchange/Assets/Content/gltf/MaterialInstances/MI_Default_Blend_DS.uasset" 809
"../../../Engine/Plugins/Interchange/Assets/Content/gltf/MaterialInstances/MI_Default_Blend_DS.uexp" 810
"../../../Engine/Plugins/Interchange/Assets/Content/gltf/MaterialInstances/MI_Default_Mask.uasset" 811
"../../../Engine/Plugins/Interchange/Assets/Content/gltf/MaterialInstances/MI_Default_Mask.uexp" 812
"../../../Engine/Plugins/Interchange/Assets/Content/gltf/MaterialInstances/MI_Default_Mask_DS.uasset" 813
"../../../Engine/Plugins/Interchange/Assets/Content/gltf/MaterialInstances/MI_Default_Mask_DS.uexp" 814
"C:/Users/Braun/repos/ShatteredArcana/Content/Textures/Wizards/realm_sorcery.ubulk" 815
"C:/Users/Braun/repos/ShatteredArcana/Content/Textures/Wizards/realm_sorcery.uasset" 816
"C:/Users/Braun/repos/ShatteredArcana/Content/Textures/Wizards/realm_sorcery.uexp" 817
"../../../Engine/Plugins/Interchange/Assets/Content/gltf/MaterialInstances/MI_Default_Opaque.uasset" 818
"../../../Engine/Plugins/Interchange/Assets/Content/gltf/MaterialInstances/MI_Default_Opaque.uexp" 819
"C:/Users/Braun/repos/ShatteredArcana/Content/Textures/Wizards/realm_spirit.ubulk" 820
"C:/Users/Braun/repos/ShatteredArcana/Content/Textures/Wizards/realm_spirit.uasset" 821
"C:/Users/Braun/repos/ShatteredArcana/Content/Textures/Wizards/realm_spirit.uexp" 822
"../../../Engine/Plugins/Interchange/Assets/Content/gltf/MaterialInstances/MI_Default_Opaque_DS.uasset" 823
"../../../Engine/Plugins/Interchange/Assets/Content/gltf/MaterialInstances/MI_Default_Opaque_DS.uexp" 824
"../../../Engine/Plugins/Interchange/Assets/Content/gltf/MaterialFunctions/MF_Sheen.uasset" 825
"../../../Engine/Plugins/Interchange/Assets/Content/gltf/MaterialFunctions/MF_Sheen.uexp" 826
"../../../Engine/Plugins/Interchange/Assets/Content/gltf/MaterialBodies/MF_Sheen_Body.uasset" 827
"../../../Engine/Plugins/Interchange/Assets/Content/gltf/MaterialBodies/MF_Sheen_Body.uexp" 828
"../../../Engine/Plugins/Interchange/Assets/Content/gltf/M_Sheen.uasset" 829
"../../../Engine/Plugins/Interchange/Assets/Content/gltf/M_Sheen.uexp" 830
"../../../Engine/Plugins/Interchange/Assets/Content/gltf/MaterialInstances/MI_Sheen_Blend.uasset" 831
"../../../Engine/Plugins/Interchange/Assets/Content/gltf/MaterialInstances/MI_Sheen_Blend.uexp" 832
"../../../Engine/Plugins/Interchange/Assets/Content/gltf/MaterialInstances/MI_Sheen_Blend_DS.uasset" 833
"../../../Engine/Plugins/Interchange/Assets/Content/gltf/MaterialInstances/MI_Sheen_Blend_DS.uexp" 834
"C:/Users/Braun/repos/ShatteredArcana/Content/Textures/Wizards/wizard_01.ubulk" 835
"C:/Users/Braun/repos/ShatteredArcana/Content/Textures/Wizards/wizard_01.uasset" 836
"C:/Users/Braun/repos/ShatteredArcana/Content/Textures/Wizards/wizard_01.uexp" 837
"../../../Engine/Plugins/Interchange/Assets/Content/gltf/MaterialInstances/MI_Sheen_Mask.uasset" 838
"../../../Engine/Plugins/Interchange/Assets/Content/gltf/MaterialInstances/MI_Sheen_Mask.uexp" 839
"../../../Engine/Plugins/Interchange/Assets/Content/gltf/MaterialInstances/MI_Sheen_Mask_DS.uasset" 840
"../../../Engine/Plugins/Interchange/Assets/Content/gltf/MaterialInstances/MI_Sheen_Mask_DS.uexp" 841
"../../../Engine/Plugins/Interchange/Assets/Content/gltf/MaterialInstances/MI_Sheen_Opaque.uasset" 842
"../../../Engine/Plugins/Interchange/Assets/Content/gltf/MaterialInstances/MI_Sheen_Opaque.uexp" 843
"C:/Users/Braun/repos/ShatteredArcana/Content/Textures/Wizards/wizard_02.ubulk" 844
"C:/Users/Braun/repos/ShatteredArcana/Content/Textures/Wizards/wizard_02.uasset" 845
"C:/Users/Braun/repos/ShatteredArcana/Content/Textures/Wizards/wizard_02.uexp" 846
"../../../Engine/Plugins/Interchange/Assets/Content/gltf/MaterialInstances/MI_Sheen_Opaque_DS.uasset" 847
"../../../Engine/Plugins/Interchange/Assets/Content/gltf/MaterialInstances/MI_Sheen_Opaque_DS.uexp" 848
"../../../Engine/Plugins/Interchange/Assets/Content/gltf/MaterialFunctions/MF_DiffuseSpecGloss.uasset" 849
"../../../Engine/Plugins/Interchange/Assets/Content/gltf/MaterialFunctions/MF_DiffuseSpecGloss.uexp" 850
"../../../Engine/Plugins/Interchange/Assets/Content/gltf/MaterialFunctions/MF_MaxComponentValue.uasset" 851
"../../../Engine/Plugins/Interchange/Assets/Content/gltf/MaterialFunctions/MF_MaxComponentValue.uexp" 852
"../../../Engine/Content/Functions/Engine_MaterialFunctions02/Math/AddComponents.uasset" 853
"../../../Engine/Content/Functions/Engine_MaterialFunctions02/Math/AddComponents.uexp" 854
"../../../Engine/Plugins/Interchange/Assets/Content/gltf/MaterialFunctions/MF_PerceivedBrightness.uasset" 855
"../../../Engine/Plugins/Interchange/Assets/Content/gltf/MaterialFunctions/MF_PerceivedBrightness.uexp" 856
"../../../Engine/Plugins/Interchange/Assets/Content/gltf/MaterialFunctions/MF_SpecGlossToMetalRoughness.uasset" 857
"../../../Engine/Plugins/Interchange/Assets/Content/gltf/MaterialFunctions/MF_SpecGlossToMetalRoughness.uexp" 858
"../../../Engine/Plugins/Interchange/Assets/Content/gltf/MaterialBodies/MF_SpecularGlossiness_Body.uasset" 859
"../../../Engine/Plugins/Interchange/Assets/Content/gltf/MaterialBodies/MF_SpecularGlossiness_Body.uexp" 860
"../../../Engine/Plugins/Interchange/Assets/Content/gltf/M_SpecularGlossiness.uasset" 861
"../../../Engine/Plugins/Interchange/Assets/Content/gltf/M_SpecularGlossiness.uexp" 862
"../../../Engine/Plugins/Interchange/Assets/Content/gltf/MaterialInstances/MI_SpecularGlossiness_Blend.uasset" 863
"../../../Engine/Plugins/Interchange/Assets/Content/gltf/MaterialInstances/MI_SpecularGlossiness_Blend.uexp" 864
"../../../Engine/Plugins/Interchange/Assets/Content/gltf/MaterialInstances/MI_SpecularGlossiness_Blend_DS.uasset" 865
"../../../Engine/Plugins/Interchange/Assets/Content/gltf/MaterialInstances/MI_SpecularGlossiness_Blend_DS.uexp" 866
"C:/Users/Braun/repos/ShatteredArcana/Content/Textures/Wizards/wizard_03.ubulk" 867
"C:/Users/Braun/repos/ShatteredArcana/Content/Textures/Wizards/wizard_03.uasset" 868
"C:/Users/Braun/repos/ShatteredArcana/Content/Textures/Wizards/wizard_03.uexp" 869
"../../../Engine/Plugins/Interchange/Assets/Content/gltf/MaterialInstances/MI_SpecularGlossiness_Mask.uasset" 870
"../../../Engine/Plugins/Interchange/Assets/Content/gltf/MaterialInstances/MI_SpecularGlossiness_Mask.uexp" 871
"../../../Engine/Plugins/Interchange/Assets/Content/gltf/MaterialInstances/MI_SpecularGlossiness_Mask_DS.uasset" 872
"../../../Engine/Plugins/Interchange/Assets/Content/gltf/MaterialInstances/MI_SpecularGlossiness_Mask_DS.uexp" 873
"../../../Engine/Plugins/Interchange/Assets/Content/gltf/MaterialInstances/MI_SpecularGlossiness_Opaque.uasset" 874
"../../../Engine/Plugins/Interchange/Assets/Content/gltf/MaterialInstances/MI_SpecularGlossiness_Opaque.uexp" 875
"C:/Users/Braun/repos/ShatteredArcana/Content/Textures/Wizards/wizard_04.ubulk" 876
"C:/Users/Braun/repos/ShatteredArcana/Content/Textures/Wizards/wizard_04.uasset" 877
"C:/Users/Braun/repos/ShatteredArcana/Content/Textures/Wizards/wizard_04.uexp" 878
"../../../Engine/Plugins/Interchange/Assets/Content/gltf/MaterialInstances/MI_SpecularGlossiness_Opaque_DS.uasset" 879
"../../../Engine/Plugins/Interchange/Assets/Content/gltf/MaterialInstances/MI_SpecularGlossiness_Opaque_DS.uexp" 880
"../../../Engine/Content/EngineMaterials/Good64x64TilingNoiseHighFreq.uasset" 881
"../../../Engine/Content/EngineMaterials/Good64x64TilingNoiseHighFreq.uexp" 882
"../../../Engine/Content/Functions/Engine_MaterialFunctions02/Texturing/ScreenAlignedPixelToPixelUVs.uasset" 883
"../../../Engine/Content/Functions/Engine_MaterialFunctions02/Texturing/ScreenAlignedPixelToPixelUVs.uexp" 884
"../../../Engine/Plugins/Interchange/Assets/Content/gltf/MaterialFunctions/MF_Fresnel_DS.uasset" 885
"../../../Engine/Plugins/Interchange/Assets/Content/gltf/MaterialFunctions/MF_Fresnel_DS.uexp" 886
"../../../Engine/Plugins/Interchange/Assets/Content/gltf/MaterialFunctions/MF_Temporal_Blur.uasset" 887
"../../../Engine/Plugins/Interchange/Assets/Content/gltf/MaterialFunctions/MF_Temporal_Blur.uexp" 888
"../../../Engine/Plugins/Interchange/Assets/Content/gltf/MaterialFunctions/MF_Transmission.uasset" 889
"../../../Engine/Plugins/Interchange/Assets/Content/gltf/MaterialFunctions/MF_Transmission.uexp" 890
"../../../Engine/Plugins/Interchange/Assets/Content/gltf/MaterialBodies/MF_Transmission_Body.uasset" 891
"../../../Engine/Plugins/Interchange/Assets/Content/gltf/MaterialBodies/MF_Transmission_Body.uexp" 892
"../../../Engine/Plugins/Interchange/Assets/Content/gltf/M_Transmission.uasset" 893
"../../../Engine/Plugins/Interchange/Assets/Content/gltf/M_Transmission.uexp" 894
"../../../Engine/Plugins/Interchange/Assets/Content/gltf/MaterialInstances/MI_Transmission.uasset" 895
"../../../Engine/Plugins/Interchange/Assets/Content/gltf/MaterialInstances/MI_Transmission.uexp" 896
"C:/Users/Braun/repos/ShatteredArcana/Content/Textures/Wizards/wizard_05.ubulk" 897
"C:/Users/Braun/repos/ShatteredArcana/Content/Textures/Wizards/wizard_05.uasset" 898
"C:/Users/Braun/repos/ShatteredArcana/Content/Textures/Wizards/wizard_05.uexp" 899
"../../../Engine/Plugins/Interchange/Assets/Content/gltf/MaterialInstances/MI_Transmission_DS.uasset" 900
"../../../Engine/Plugins/Interchange/Assets/Content/gltf/MaterialInstances/MI_Transmission_DS.uexp" 901
"../../../Engine/Plugins/Interchange/Assets/Content/gltf/MaterialBodies/MF_Unlit_Body.uasset" 902
"../../../Engine/Plugins/Interchange/Assets/Content/gltf/MaterialBodies/MF_Unlit_Body.uexp" 903
"../../../Engine/Plugins/Interchange/Assets/Content/gltf/M_Unlit.uasset" 904
"../../../Engine/Plugins/Interchange/Assets/Content/gltf/M_Unlit.uexp" 905
"../../../Engine/Plugins/Interchange/Assets/Content/gltf/MaterialInstances/MI_Unlit_Blend.uasset" 906
"../../../Engine/Plugins/Interchange/Assets/Content/gltf/MaterialInstances/MI_Unlit_Blend.uexp" 907
"C:/Users/Braun/repos/ShatteredArcana/Content/Textures/Wizards/wizard_06.ubulk" 908
"C:/Users/Braun/repos/ShatteredArcana/Content/Textures/Wizards/wizard_06.uasset" 909
"C:/Users/Braun/repos/ShatteredArcana/Content/Textures/Wizards/wizard_06.uexp" 910
"C:/Users/Braun/repos/ShatteredArcana/Content/Textures/Wizards/wizard_07.ubulk" 911
"C:/Users/Braun/repos/ShatteredArcana/Content/Textures/Wizards/wizard_07.uasset" 912
"C:/Users/Braun/repos/ShatteredArcana/Content/Textures/Wizards/wizard_07.uexp" 913
"../../../Engine/Plugins/Interchange/Assets/Content/gltf/MaterialInstances/MI_Unlit_Blend_DS.uasset" 914
"../../../Engine/Plugins/Interchange/Assets/Content/gltf/MaterialInstances/MI_Unlit_Blend_DS.uexp" 915
"../../../Engine/Plugins/Interchange/Assets/Content/gltf/MaterialInstances/MI_Unlit_Mask.uasset" 916
"../../../Engine/Plugins/Interchange/Assets/Content/gltf/MaterialInstances/MI_Unlit_Mask.uexp" 917
"../../../Engine/Plugins/Interchange/Assets/Content/gltf/MaterialInstances/MI_Unlit_Mask_DS.uasset" 918
"../../../Engine/Plugins/Interchange/Assets/Content/gltf/MaterialInstances/MI_Unlit_Mask_DS.uexp" 919
"C:/Users/Braun/repos/ShatteredArcana/Content/Textures/Wizards/wizard_08.ubulk" 920
"C:/Users/Braun/repos/ShatteredArcana/Content/Textures/Wizards/wizard_08.uasset" 921
"C:/Users/Braun/repos/ShatteredArcana/Content/Textures/Wizards/wizard_08.uexp" 922
"../../../Engine/Plugins/Interchange/Assets/Content/gltf/MaterialInstances/MI_Unlit_Opaque.uasset" 923
"../../../Engine/Plugins/Interchange/Assets/Content/gltf/MaterialInstances/MI_Unlit_Opaque.uexp" 924
"../../../Engine/Plugins/Interchange/Assets/Content/gltf/MaterialInstances/MI_Unlit_Opaque_DS.uasset" 925
"../../../Engine/Plugins/Interchange/Assets/Content/gltf/MaterialInstances/MI_Unlit_Opaque_DS.uexp" 926
"C:/Users/Braun/repos/ShatteredArcana/Content/Textures/Wizards/wizard_09.ubulk" 927
"C:/Users/Braun/repos/ShatteredArcana/Content/Textures/Wizards/wizard_09.uasset" 928
"C:/Users/Braun/repos/ShatteredArcana/Content/Textures/Wizards/wizard_09.uexp" 929
"../../../Engine/Content/EngineMaterials/Substrate/GLints/AGlintTex2dArray.uasset" 930
"../../../Engine/Content/EngineMaterials/Substrate/GLints/AGlintTex2dArray.uexp" 931
"C:/Users/Braun/repos/ShatteredArcana/Content/Textures/Wizards/wizard_10.ubulk" 932
"C:/Users/Braun/repos/ShatteredArcana/Content/Textures/Wizards/wizard_10.uasset" 933
"C:/Users/Braun/repos/ShatteredArcana/Content/Textures/Wizards/wizard_10.uexp" 934
"C:/Users/Braun/repos/ShatteredArcana/Content/Textures/Wizards/wizard_11.ubulk" 935
"C:/Users/Braun/repos/ShatteredArcana/Content/Textures/Wizards/wizard_11.uasset" 936
"C:/Users/Braun/repos/ShatteredArcana/Content/Textures/Wizards/wizard_11.uexp" 937
"C:/Users/Braun/repos/ShatteredArcana/Content/Textures/Wizards/wizard_12.ubulk" 938
"C:/Users/Braun/repos/ShatteredArcana/Content/Textures/Wizards/wizard_12.uasset" 939
"C:/Users/Braun/repos/ShatteredArcana/Content/Textures/Wizards/wizard_12.uexp" 940
"C:/Users/Braun/repos/ShatteredArcana/Content/Textures/Wizards/wizard_13.ubulk" 941
"C:/Users/Braun/repos/ShatteredArcana/Content/Textures/Wizards/wizard_13.uasset" 942
"C:/Users/Braun/repos/ShatteredArcana/Content/Textures/Wizards/wizard_13.uexp" 943
"C:/Users/Braun/repos/ShatteredArcana/Content/Textures/Wizards/wizard_14.ubulk" 944
"C:/Users/Braun/repos/ShatteredArcana/Content/Textures/Wizards/wizard_14.uasset" 945
"C:/Users/Braun/repos/ShatteredArcana/Content/Textures/Wizards/wizard_14.uexp" 946
"../../../Engine/Content/ArtTools/RenderToTexture/Meshes/S_1_Unit_Plane.uasset" 947
"../../../Engine/Content/ArtTools/RenderToTexture/Meshes/S_1_Unit_Plane.uexp" 948
"../../../Engine/Content/EngineMaterials/Substrate/Glints2/AGlintTex2dArray2.uasset" 949
"../../../Engine/Content/EngineMaterials/Substrate/Glints2/AGlintTex2dArray2.uexp" 950
"../../../Engine/Plugins/Animation/DeformerGraph/Content/DeformerFunctions/DG_Function_LinearBlendSkin_Morph_Cloth.uasset" 951
"../../../Engine/Plugins/Animation/DeformerGraph/Content/DeformerFunctions/DG_Function_LinearBlendSkin_Morph_Cloth.uexp" 952
"../../../Engine/Plugins/Animation/DeformerGraph/Content/Deformers/DG_LinearBlendSkin_Morph_Cloth.uasset" 953
"../../../Engine/Plugins/Animation/DeformerGraph/Content/Deformers/DG_LinearBlendSkin_Morph_Cloth.uexp" 954
"../../../Engine/Content/EngineMaterials/Substrate/Volume/SubstrateSimpleVolumeEnvLUT3D.uasset" 955
"../../../Engine/Content/EngineMaterials/Substrate/Volume/SubstrateSimpleVolumeEnvLUT3D.uexp" 956
"../../../Engine/Plugins/Animation/DeformerGraph/Content/DeformerFunctions/DG_Function_ComputeNormalsTangents.uasset" 957
"../../../Engine/Plugins/Animation/DeformerGraph/Content/DeformerFunctions/DG_Function_ComputeNormalsTangents.uexp" 958
"../../../Engine/Plugins/Animation/DeformerGraph/Content/DeformerFunctions/DG_Function_LinearBlendSkin_Morph_Cloth_PositionOnly.uasset" 959
"../../../Engine/Plugins/Animation/DeformerGraph/Content/DeformerFunctions/DG_Function_LinearBlendSkin_Morph_Cloth_PositionOnly.uexp" 960
"../../../Engine/Plugins/Animation/DeformerGraph/Content/Deformers/DG_LinearBlendSkin_Morph_Cloth_RecomputeNormals.uasset" 961
"../../../Engine/Plugins/Animation/DeformerGraph/Content/Deformers/DG_LinearBlendSkin_Morph_Cloth_RecomputeNormals.uexp" 962
"../../../Engine/Content/EngineMaterials/Substrate/Volume/SubstrateSimpleVolumeLUT3D.uasset" 963
"../../../Engine/Content/EngineMaterials/Substrate/Volume/SubstrateSimpleVolumeLUT3D.uexp" 964
"../../../Engine/Content/Functions/Engine_MaterialFunctions01/Shading/ConvertFromDiffSpec.uasset" 965
"../../../Engine/Content/Functions/Engine_MaterialFunctions01/Shading/ConvertFromDiffSpec.uexp" 966
"../../../Engine/Content/Functions/Engine_MaterialFunctions01/Shading/PowerToRoughness.uasset" 967
"../../../Engine/Content/Functions/Engine_MaterialFunctions01/Shading/PowerToRoughness.uexp" 968
"../../../Engine/Content/MobileResources/HUD/VirtualJoystick_Background.uasset" 969
"../../../Engine/Content/MobileResources/HUD/VirtualJoystick_Background.uexp" 970
"../../../Engine/Content/MobileResources/HUD/VirtualJoystick_Thumb.uasset" 971
"../../../Engine/Content/MobileResources/HUD/VirtualJoystick_Thumb.uexp" 972
"../../../Engine/Content/MobileResources/HUD/DefaultVirtualJoysticks.uasset" 973
"../../../Engine/Content/MobileResources/HUD/DefaultVirtualJoysticks.uexp" 974
"../../../Engine/Content/Maps/Entry_BuiltData.uasset" 975
"../../../Engine/Content/Maps/Entry_BuiltData.uexp" 976
"../../../Engine/Content/Maps/Entry.uexp" 977
"../../../Engine/Content/Maps/Entry.umap" 978
"C:/Users/Braun/repos/ShatteredArcana/Content/Maps/L_Overworld.uexp" 979
"C:/Users/Braun/repos/ShatteredArcana/Content/Maps/L_Overworld.umap" 980
